nohup: ignoring input

> netguard-frontend@1.0.0 dev
> vite


  VITE v5.4.21  ready in 124 ms

  ➜  Local:   http://localhost:6001/
  ➜  Network: http://10.10.15.213:6001/
  ➜  Network: http://100.75.175.88:6001/
  ➜  Network: http://172.26.0.1:6001/
  ➜  Network: http://172.29.0.1:6001/
10:01:24 AM [vite] Internal server error: Failed to resolve import "../components/ValidationPipelinePanel" from "src/pages/ChangeRequests.tsx". Does the file exist?
  Plugin: vite:import-analysis
  File: /home/kenpachi-zaraki/NetGuard/frontend/src/pages/ChangeRequests.tsx:6:36
  20 |  import RiskBadge from "../components/RiskBadge";
  21 |  import ImpactSimulationPanel from "../components/ImpactSimulationPanel";
  22 |  import ValidationPipelinePanel from "../components/ValidationPipelinePanel";
     |                                       ^
  23 |  import EvidencePanel from "../components/EvidencePanel";
  24 |  import ConfigDiff from "../components/ConfigDiff";
      at TransformPluginContext._formatError (file:///home/kenpachi-zaraki/NetGuard/frontend/node_modules/vite/dist/node/chunks/dep-BK3b2jBa.js:49258:41)
      at TransformPluginContext.error (file:///home/kenpachi-zaraki/NetGuard/frontend/node_modules/vite/dist/node/chunks/dep-BK3b2jBa.js:49253:16)
      at normalizeUrl (file:///home/kenpachi-zaraki/NetGuard/frontend/node_modules/vite/dist/node/chunks/dep-BK3b2jBa.js:64307:23)
      at process.processTicksAndRejections (node:internal/process/task_queues:104:5)
      at async file:///home/kenpachi-zaraki/NetGuard/frontend/node_modules/vite/dist/node/chunks/dep-BK3b2jBa.js:64439:39
      at async Promise.all (index 7)
      at async TransformPluginContext.transform (file:///home/kenpachi-zaraki/NetGuard/frontend/node_modules/vite/dist/node/chunks/dep-BK3b2jBa.js:64366:7)
      at async PluginContainer.transform (file:///home/kenpachi-zaraki/NetGuard/frontend/node_modules/vite/dist/node/chunks/dep-BK3b2jBa.js:49099:18)
      at async loadAndTransform (file:///home/kenpachi-zaraki/NetGuard/frontend/node_modules/vite/dist/node/chunks/dep-BK3b2jBa.js:51978:27)
10:01:50 AM [vite] Internal server error: Failed to resolve import "../components/ValidationPipelinePanel" from "src/pages/ChangeRequests.tsx". Does the file exist?
  Plugin: vite:import-analysis
  File: /home/kenpachi-zaraki/NetGuard/frontend/src/pages/ChangeRequests.tsx:6:36
  20 |  import RiskBadge from "../components/RiskBadge";
  21 |  import ImpactSimulationPanel from "../components/ImpactSimulationPanel";
  22 |  import ValidationPipelinePanel from "../components/ValidationPipelinePanel";
     |                                       ^
  23 |  import EvidencePanel from "../components/EvidencePanel";
  24 |  import ConfigDiff from "../components/ConfigDiff";
      at TransformPluginContext._formatError (file:///home/kenpachi-zaraki/NetGuard/frontend/node_modules/vite/dist/node/chunks/dep-BK3b2jBa.js:49258:41)
      at TransformPluginContext.error (file:///home/kenpachi-zaraki/NetGuard/frontend/node_modules/vite/dist/node/chunks/dep-BK3b2jBa.js:49253:16)
      at normalizeUrl (file:///home/kenpachi-zaraki/NetGuard/frontend/node_modules/vite/dist/node/chunks/dep-BK3b2jBa.js:64307:23)
      at process.processTicksAndRejections (node:internal/process/task_queues:104:5)
      at async file:///home/kenpachi-zaraki/NetGuard/frontend/node_modules/vite/dist/node/chunks/dep-BK3b2jBa.js:64439:39
      at async Promise.all (index 7)
      at async TransformPluginContext.transform (file:///home/kenpachi-zaraki/NetGuard/frontend/node_modules/vite/dist/node/chunks/dep-BK3b2jBa.js:64366:7)
      at async PluginContainer.transform (file:///home/kenpachi-zaraki/NetGuard/frontend/node_modules/vite/dist/node/chunks/dep-BK3b2jBa.js:49099:18)
      at async loadAndTransform (file:///home/kenpachi-zaraki/NetGuard/frontend/node_modules/vite/dist/node/chunks/dep-BK3b2jBa.js:51978:27)
      at async viteTransformMiddleware (file:///home/kenpachi-zaraki/NetGuard/frontend/node_modules/vite/dist/node/chunks/dep-BK3b2jBa.js:62106:24)
10:01:51 AM [vite] Internal server error: Failed to resolve import "../components/ValidationPipelinePanel" from "src/pages/ChangeRequests.tsx". Does the file exist?
  Plugin: vite:import-analysis
  File: /home/kenpachi-zaraki/NetGuard/frontend/src/pages/ChangeRequests.tsx:6:36
  20 |  import RiskBadge from "../components/RiskBadge";
  21 |  import ImpactSimulationPanel from "../components/ImpactSimulationPanel";
  22 |  import ValidationPipelinePanel from "../components/ValidationPipelinePanel";
     |                                       ^
  23 |  import EvidencePanel from "../components/EvidencePanel";
  24 |  import ConfigDiff from "../components/ConfigDiff";
      at TransformPluginContext._formatError (file:///home/kenpachi-zaraki/NetGuard/frontend/node_modules/vite/dist/node/chunks/dep-BK3b2jBa.js:49258:41)
      at TransformPluginContext.error (file:///home/kenpachi-zaraki/NetGuard/frontend/node_modules/vite/dist/node/chunks/dep-BK3b2jBa.js:49253:16)
      at normalizeUrl (file:///home/kenpachi-zaraki/NetGuard/frontend/node_modules/vite/dist/node/chunks/dep-BK3b2jBa.js:64307:23)
      at process.processTicksAndRejections (node:internal/process/task_queues:104:5)
      at async file:///home/kenpachi-zaraki/NetGuard/frontend/node_modules/vite/dist/node/chunks/dep-BK3b2jBa.js:64439:39
      at async Promise.all (index 7)
      at async TransformPluginContext.transform (file:///home/kenpachi-zaraki/NetGuard/frontend/node_modules/vite/dist/node/chunks/dep-BK3b2jBa.js:64366:7)
      at async PluginContainer.transform (file:///home/kenpachi-zaraki/NetGuard/frontend/node_modules/vite/dist/node/chunks/dep-BK3b2jBa.js:49099:18)
      at async loadAndTransform (file:///home/kenpachi-zaraki/NetGuard/frontend/node_modules/vite/dist/node/chunks/dep-BK3b2jBa.js:51978:27)
      at async viteTransformMiddleware (file:///home/kenpachi-zaraki/NetGuard/frontend/node_modules/vite/dist/node/chunks/dep-BK3b2jBa.js:62106:24)
