nohup: ignoring input
[2026-08-03 15:09:31,363: INFO/MainProcess] beat: Starting...
[2026-08-03 15:10:31,422: INFO/MainProcess] Scheduler: Sending due task snmp-poll-sweep (app.tasks.run_snmp_poll_sweep_task)
[2026-08-03 15:10:33,205: INFO/MainProcess] Task app.tasks.snmp_poll_task[0275e716-49ed-41f3-8b1e-99311450cc90] succeeded in 1.708509372001572s: 'green'
[2026-08-03 15:10:34,675: INFO/MainProcess] Task app.tasks.snmp_poll_task[59b61e2e-0449-4074-8c50-0e4e2ec292e6] succeeded in 1.4695378249998612s: 'green'
[2026-08-03 15:10:36,028: INFO/MainProcess] Task app.tasks.snmp_poll_task[3025cf20-ced2-4d5d-a4a6-c0cbc1ebaaf9] succeeded in 1.3526359419993241s: 'green'
[2026-08-03 15:10:36,029: INFO/MainProcess] Task app.tasks.run_snmp_poll_sweep_task[03de5b65-10c6-47d2-b864-b0bcece44a33] succeeded in 4.603916525000386s: 3
[2026-08-03 15:11:31,409: INFO/MainProcess] Scheduler: Sending due task snmp-poll-sweep (app.tasks.run_snmp_poll_sweep_task)
[2026-08-03 15:11:33,084: INFO/MainProcess] Task app.tasks.snmp_poll_task[a197a348-b51c-4037-8cef-632fed7f21f6] succeeded in 1.6530850290000672s: 'green'
[2026-08-03 15:11:34,402: INFO/MainProcess] Task app.tasks.snmp_poll_task[71e6d666-d073-4e97-b1b4-beae65da1965] succeeded in 1.3166155549988616s: 'green'
[2026-08-03 15:11:35,775: INFO/MainProcess] Task app.tasks.snmp_poll_task[aa01deff-7f83-46dc-8ca1-326f83afccce] succeeded in 1.3729921919984918s: 'green'
[2026-08-03 15:11:35,775: INFO/MainProcess] Task app.tasks.run_snmp_poll_sweep_task[3c359339-f6bd-4f30-9feb-db2c53309906] succeeded in 4.364883155001735s: 3
[2026-08-03 15:12:31,409: INFO/MainProcess] Scheduler: Sending due task snmp-poll-sweep (app.tasks.run_snmp_poll_sweep_task)
[2026-08-03 15:12:32,844: INFO/MainProcess] Task app.tasks.snmp_poll_task[1dc003ac-0d4c-477c-8840-21182f11103b] succeeded in 1.4301379290009208s: 'green'
[2026-08-03 15:12:34,279: INFO/MainProcess] Task app.tasks.snmp_poll_task[ef501b89-0578-44ab-a934-ffdf8a052502] succeeded in 1.435010732999217s: 'green'
[2026-08-03 15:12:35,649: INFO/MainProcess] Task app.tasks.snmp_poll_task[bdbdcfa0-a3d6-4372-8f1f-829a89fd5741] succeeded in 1.3686978600017028s: 'green'
[2026-08-03 15:12:35,649: INFO/MainProcess] Task app.tasks.run_snmp_poll_sweep_task[12da50a5-3ee2-4320-a3e8-065468221f39] succeeded in 4.238734806000139s: 3
[2026-08-03 15:13:31,409: INFO/MainProcess] Scheduler: Sending due task snmp-poll-sweep (app.tasks.run_snmp_poll_sweep_task)
[2026-08-03 15:13:32,868: INFO/MainProcess] Task app.tasks.snmp_poll_task[96d06ada-342a-4334-a8e8-bae97b90e846] succeeded in 1.453161748999264s: 'green'
[2026-08-03 15:13:34,199: INFO/MainProcess] Task app.tasks.snmp_poll_task[6c96c41e-6185-412f-9d9d-fda32bfbc70e] succeeded in 1.3305547849995492s: 'green'
[2026-08-03 15:13:35,624: INFO/MainProcess] Task app.tasks.snmp_poll_task[3d5a207d-b338-4423-b896-61936fc1c0e6] succeeded in 1.4249020349998318s: 'green'
[2026-08-03 15:13:35,625: INFO/MainProcess] Task app.tasks.run_snmp_poll_sweep_task[59b9d420-2c91-4b44-96e0-dbfe7eb81810] succeeded in 4.21447851999983s: 3
[2026-08-03 15:14:31,410: INFO/MainProcess] Scheduler: Sending due task snmp-poll-sweep (app.tasks.run_snmp_poll_sweep_task)
[2026-08-03 15:14:32,904: INFO/MainProcess] Task app.tasks.snmp_poll_task[1bf10f44-9ba0-40ed-81b8-2b34b05722f6] succeeded in 1.489273246999801s: 'green'
[2026-08-03 15:14:34,188: INFO/MainProcess] Task app.tasks.snmp_poll_task[633c32f3-eed2-4f12-bad3-a232381e66ea] succeeded in 1.2844017700008408s: 'green'
[2026-08-03 15:14:35,589: INFO/MainProcess] Task app.tasks.snmp_poll_task[82539c66-05d2-43b1-842d-2c4b59dc98a1] succeeded in 1.4003137330000754s: 'green'
[2026-08-03 15:14:35,590: INFO/MainProcess] Task app.tasks.run_snmp_poll_sweep_task[454d57ab-4bc7-4ef5-a982-1ee0c82580fb] succeeded in 4.17970189100015s: 3
[2026-08-03 15:15:31,410: INFO/MainProcess] Scheduler: Sending due task snmp-poll-sweep (app.tasks.run_snmp_poll_sweep_task)
[2026-08-03 15:15:33,346: INFO/MainProcess] Task app.tasks.snmp_poll_task[037b0248-9bb3-4cc7-ad0f-ac2339594401] succeeded in 1.932604016001278s: 'green'
[2026-08-03 15:15:34,855: INFO/MainProcess] Task app.tasks.snmp_poll_task[c21ada79-f271-4f8e-a2f4-dce4a8748c01] succeeded in 1.5073497080011293s: 'green'
[2026-08-03 15:15:36,262: INFO/MainProcess] Task app.tasks.snmp_poll_task[11256539-82e7-4ab6-873d-0c01d6fb3d07] succeeded in 1.406099030002224s: 'green'
[2026-08-03 15:15:36,262: INFO/MainProcess] Task app.tasks.run_snmp_poll_sweep_task[5bb7c490-248d-4234-86f4-f8a53cfaf47d] succeeded in 4.851760492998437s: 3
[2026-08-03 15:16:31,410: INFO/MainProcess] Scheduler: Sending due task snmp-poll-sweep (app.tasks.run_snmp_poll_sweep_task)
[2026-08-03 15:16:32,840: INFO/MainProcess] Task app.tasks.snmp_poll_task[b39c36db-e1eb-4768-bea7-59f9aa144dd6] succeeded in 1.4261168989978614s: 'green'
[2026-08-03 15:16:34,267: INFO/MainProcess] Task app.tasks.snmp_poll_task[3cf15adf-81a0-4b13-bbb7-0d25538a8fdf] succeeded in 1.4262984580018383s: 'green'
[2026-08-03 15:16:35,648: INFO/MainProcess] Task app.tasks.snmp_poll_task[41af6393-7c99-41cd-b5ee-6cb149f50492] succeeded in 1.3800669869997364s: 'green'
[2026-08-03 15:16:35,648: INFO/MainProcess] Task app.tasks.run_snmp_poll_sweep_task[80ca5954-f2c2-484c-a170-08aae925efcc] succeeded in 4.238072601001477s: 3
[2026-08-03 15:17:31,410: INFO/MainProcess] Scheduler: Sending due task snmp-poll-sweep (app.tasks.run_snmp_poll_sweep_task)
[2026-08-03 15:17:32,663: INFO/MainProcess] Task app.tasks.snmp_poll_task[05803fea-8d63-48d9-bece-4f432c33912b] succeeded in 1.2492169050019584s: 'green'
[2026-08-03 15:17:34,008: INFO/MainProcess] Task app.tasks.snmp_poll_task[dfa13c65-d2ea-4576-8bf1-1ed2ff58601d] succeeded in 1.3447751870007778s: 'green'
[2026-08-03 15:17:35,357: INFO/MainProcess] Task app.tasks.snmp_poll_task[588a6ec4-b580-41d5-97c5-09b65dbcfc99] succeeded in 1.347928781000519s: 'green'
[2026-08-03 15:17:35,357: INFO/MainProcess] Task app.tasks.run_snmp_poll_sweep_task[2742b112-b606-4f72-afe6-48688834e627] succeeded in 3.9470708899971214s: 3
[2026-08-03 15:18:31,410: INFO/MainProcess] Scheduler: Sending due task snmp-poll-sweep (app.tasks.run_snmp_poll_sweep_task)
[2026-08-03 15:18:32,871: INFO/MainProcess] Task app.tasks.snmp_poll_task[c4e5a8c5-58b3-46db-8150-a8fa0d82b7ce] succeeded in 1.4572690130007686s: 'green'
[2026-08-03 15:18:34,238: INFO/MainProcess] Task app.tasks.snmp_poll_task[8e53a4ab-0b2a-4149-8b57-7ce552ae8806] succeeded in 1.366917834002379s: 'green'
[2026-08-03 15:18:35,620: INFO/MainProcess] Task app.tasks.snmp_poll_task[4e5e6a2e-6003-472e-8ac5-8e5c0d62b8cc] succeeded in 1.3810622130004049s: 'green'
[2026-08-03 15:18:35,620: INFO/MainProcess] Task app.tasks.run_snmp_poll_sweep_task[bd348875-4e59-4463-8b58-f4244d6a49c7] succeeded in 4.210132095002336s: 3
[2026-08-03 15:19:31,410: INFO/MainProcess] Scheduler: Sending due task snmp-poll-sweep (app.tasks.run_snmp_poll_sweep_task)
[2026-08-03 15:19:32,804: INFO/MainProcess] Task app.tasks.snmp_poll_task[aaa71f03-d8ca-4017-b373-fc329381b1ff] succeeded in 1.3903207610019308s: 'green'
[2026-08-03 15:19:34,147: INFO/MainProcess] Task app.tasks.snmp_poll_task[8aa4739d-34d3-4b28-ab39-c17bf6a79984] succeeded in 1.341530158999376s: 'green'
[2026-08-03 15:19:35,508: INFO/MainProcess] Task app.tasks.snmp_poll_task[94494cf5-766c-4630-89a6-eb25747ea1b4] succeeded in 1.3603776589989138s: 'green'
[2026-08-03 15:19:35,508: INFO/MainProcess] Task app.tasks.run_snmp_poll_sweep_task[f703991a-25b4-4e3f-a19e-b14b3d9a3c8e] succeeded in 4.098055370999646s: 3
[2026-08-03 15:20:31,410: INFO/MainProcess] Scheduler: Sending due task snmp-poll-sweep (app.tasks.run_snmp_poll_sweep_task)
[2026-08-03 15:20:32,794: INFO/MainProcess] Task app.tasks.snmp_poll_task[d283a762-5368-4edf-93a1-e287b07b2f3a] succeeded in 1.3799732019979274s: 'green'
[2026-08-03 15:20:34,092: INFO/MainProcess] Task app.tasks.snmp_poll_task[2e05804b-eb00-44f1-b513-79ad8a5f9254] succeeded in 1.297513767000055s: 'green'
[2026-08-03 15:20:35,455: INFO/MainProcess] Task app.tasks.snmp_poll_task[825b14fe-2025-4884-bfb1-acfe85e4b5fd] succeeded in 1.362578565000149s: 'green'
[2026-08-03 15:20:35,455: INFO/MainProcess] Task app.tasks.run_snmp_poll_sweep_task[bc33c59b-e9ba-4959-bed8-fca17a7e66a0] succeeded in 4.044938192997506s: 3
[2026-08-03 15:21:31,410: INFO/MainProcess] Scheduler: Sending due task snmp-poll-sweep (app.tasks.run_snmp_poll_sweep_task)
[2026-08-03 15:21:32,768: INFO/MainProcess] Task app.tasks.snmp_poll_task[9972bbcd-8575-40da-beaf-4d67dbb2c44d] succeeded in 1.3533939680019103s: 'green'
[2026-08-03 15:21:34,265: INFO/MainProcess] Task app.tasks.snmp_poll_task[3f3cab24-47de-41a4-8eb0-92f3a447b4cc] succeeded in 1.4969769780000206s: 'green'
[2026-08-03 15:21:35,707: INFO/MainProcess] Task app.tasks.snmp_poll_task[73e60019-916a-45c0-9485-e3a2a8cd7a14] succeeded in 1.4417378329999337s: 'green'
[2026-08-03 15:21:35,708: INFO/MainProcess] Task app.tasks.run_snmp_poll_sweep_task[a5bc04ec-ba4a-4c25-991a-aef89f24ad55] succeeded in 4.297212448000209s: 3
[2026-08-03 15:22:31,410: INFO/MainProcess] Scheduler: Sending due task snmp-poll-sweep (app.tasks.run_snmp_poll_sweep_task)
[2026-08-03 15:22:32,902: INFO/MainProcess] Task app.tasks.snmp_poll_task[726810eb-dc9f-4c15-97bc-8057ea7fdfec] succeeded in 1.488118700999621s: 'green'
[2026-08-03 15:22:34,307: INFO/MainProcess] Task app.tasks.snmp_poll_task[1e99ffaa-d9b8-4d21-8dab-ada0222a5424] succeeded in 1.4040970690002723s: 'green'
[2026-08-03 15:22:35,697: INFO/MainProcess] Task app.tasks.snmp_poll_task[e1360722-ecaa-4e9a-80bd-08b1fa3b66f3] succeeded in 1.3901608699998178s: 'green'
[2026-08-03 15:22:35,697: INFO/MainProcess] Task app.tasks.run_snmp_poll_sweep_task[0e5ebbbc-8936-495f-b770-3b7f6132f104] succeeded in 4.287062052000692s: 3
[2026-08-03 15:23:31,410: INFO/MainProcess] Scheduler: Sending due task snmp-poll-sweep (app.tasks.run_snmp_poll_sweep_task)
[2026-08-03 15:23:32,814: INFO/MainProcess] Task app.tasks.snmp_poll_task[e54c95de-a773-44f8-8f51-cea2a9ea2a2f] succeeded in 1.3988636450012564s: 'green'
[2026-08-03 15:23:34,234: INFO/MainProcess] Task app.tasks.snmp_poll_task[404a0cad-de77-484a-be2d-719899c8f9cd] succeeded in 1.419870030000311s: 'green'
[2026-08-03 15:23:35,647: INFO/MainProcess] Task app.tasks.snmp_poll_task[c7f23d65-33fb-4594-af04-4c69d0e0d3f0] succeeded in 1.4122326130018337s: 'green'
[2026-08-03 15:23:35,647: INFO/MainProcess] Task app.tasks.run_snmp_poll_sweep_task[93da4150-89dd-47ee-998b-8d17df138909] succeeded in 4.2367525230001775s: 3
[2026-08-03 15:24:31,410: INFO/MainProcess] Scheduler: Sending due task snmp-poll-sweep (app.tasks.run_snmp_poll_sweep_task)
[2026-08-03 15:24:32,670: INFO/MainProcess] Task app.tasks.snmp_poll_task[0895ae23-c73a-4367-83f4-050408da2a19] succeeded in 1.2563454910014116s: 'green'
[2026-08-03 15:24:34,078: INFO/MainProcess] Task app.tasks.snmp_poll_task[3b83ff45-823e-4ce0-9c9d-9e5aa5d0174b] succeeded in 1.4064550740004051s: 'green'
[2026-08-03 15:24:35,415: INFO/MainProcess] Task app.tasks.snmp_poll_task[8c99797f-3fbc-4746-94be-25600301ab6c] succeeded in 1.336390147000202s: 'green'
[2026-08-03 15:24:35,415: INFO/MainProcess] Task app.tasks.run_snmp_poll_sweep_task[471071ac-4812-486c-9829-ae96f670e37c] succeeded in 4.004621379997843s: 3
[2026-08-03 15:25:31,410: INFO/MainProcess] Scheduler: Sending due task snmp-poll-sweep (app.tasks.run_snmp_poll_sweep_task)
[2026-08-03 15:25:32,898: INFO/MainProcess] Task app.tasks.snmp_poll_task[1563a5e5-67e1-45bc-8995-fcea3424f7b6] succeeded in 1.482788076998986s: 'green'
[2026-08-03 15:25:34,323: INFO/MainProcess] Task app.tasks.snmp_poll_task[72e247da-d4f9-410e-9662-bda157adef55] succeeded in 1.4246874669988756s: 'green'
[2026-08-03 15:25:35,729: INFO/MainProcess] Task app.tasks.snmp_poll_task[f1ee6142-2bca-42e4-8fa4-f209da02a8d4] succeeded in 1.4059419900004286s: 'green'
[2026-08-03 15:25:35,730: INFO/MainProcess] Task app.tasks.run_snmp_poll_sweep_task[0f6a3ddf-a767-4785-ba07-44e6e9caa4d8] succeeded in 4.318954083999415s: 3
[2026-08-03 15:26:31,410: INFO/MainProcess] Scheduler: Sending due task snmp-poll-sweep (app.tasks.run_snmp_poll_sweep_task)
[2026-08-03 15:26:32,808: INFO/MainProcess] Task app.tasks.snmp_poll_task[ea4ff29b-9eaf-48a1-9a8f-3e46e4ae459f] succeeded in 1.3947767299978295s: 'green'
[2026-08-03 15:26:34,147: INFO/MainProcess] Task app.tasks.snmp_poll_task[59c83d7f-ba82-428b-890c-17e745dd63b1] succeeded in 1.3385508989995287s: 'green'
[2026-08-03 15:26:35,481: INFO/MainProcess] Task app.tasks.snmp_poll_task[2b903d43-07c5-4105-84c0-31449f374469] succeeded in 1.333159417998104s: 'green'
[2026-08-03 15:26:35,481: INFO/MainProcess] Task app.tasks.run_snmp_poll_sweep_task[204dd419-7543-411f-881b-47fc8b443899] succeeded in 4.070695819998946s: 3
[2026-08-03 15:27:31,410: INFO/MainProcess] Scheduler: Sending due task snmp-poll-sweep (app.tasks.run_snmp_poll_sweep_task)
[2026-08-03 15:27:32,864: INFO/MainProcess] Task app.tasks.snmp_poll_task[f79584ea-817f-4f8f-9888-54c8e1ea50f8] succeeded in 1.4488421540008858s: 'green'
[2026-08-03 15:27:34,362: INFO/MainProcess] Task app.tasks.snmp_poll_task[41e9d108-5718-46bc-8e5e-064627f49f96] succeeded in 1.4975923980018706s: 'green'
[2026-08-03 15:27:35,909: INFO/MainProcess] Task app.tasks.snmp_poll_task[d0331de4-b2fb-4931-8c09-f9ab9e36374b] succeeded in 1.5456912510016991s: 'green'
[2026-08-03 15:27:35,909: INFO/MainProcess] Task app.tasks.run_snmp_poll_sweep_task[76d03aea-6333-483d-93d4-36a08a9d6fee] succeeded in 4.498425868998311s: 3
[2026-08-03 15:28:31,410: INFO/MainProcess] Scheduler: Sending due task snmp-poll-sweep (app.tasks.run_snmp_poll_sweep_task)
[2026-08-03 15:28:32,828: INFO/MainProcess] Task app.tasks.snmp_poll_task[9d58df6c-2ab0-4d63-8255-6d10c7a48aed] succeeded in 1.4136283670013654s: 'green'
[2026-08-03 15:28:34,224: INFO/MainProcess] Task app.tasks.snmp_poll_task[cc5266f8-ad9d-4676-a6a4-3f9e15a8d97a] succeeded in 1.3953325760012376s: 'green'
[2026-08-03 15:28:35,626: INFO/MainProcess] Task app.tasks.snmp_poll_task[b5414a1b-8f2b-4836-89d3-e249b66342f0] succeeded in 1.401936537000438s: 'green'
[2026-08-03 15:28:35,626: INFO/MainProcess] Task app.tasks.run_snmp_poll_sweep_task[5c3a4ff6-fc53-40bc-a526-8474858e8d30] succeeded in 4.215783014002227s: 3
[2026-08-03 15:29:31,410: INFO/MainProcess] Scheduler: Sending due task snmp-poll-sweep (app.tasks.run_snmp_poll_sweep_task)
[2026-08-03 15:29:32,714: INFO/MainProcess] Task app.tasks.snmp_poll_task[d26f7455-f3d3-47f7-874a-546b19d3ed0d] succeeded in 1.30056236299788s: 'green'
[2026-08-03 15:29:34,150: INFO/MainProcess] Task app.tasks.snmp_poll_task[e4a197df-91e6-4c55-9e3f-bfeff1fb2a12] succeeded in 1.435764941998059s: 'green'
[2026-08-03 15:29:35,571: INFO/MainProcess] Task app.tasks.snmp_poll_task[df40094e-2bc4-40a4-9dbc-b59708052e02] succeeded in 1.4203061779990094s: 'green'
[2026-08-03 15:29:35,571: INFO/MainProcess] Task app.tasks.run_snmp_poll_sweep_task[9f1ff973-4a6f-4a23-a854-6a3dcd69661c] succeeded in 4.160474181000609s: 3
[2026-08-03 15:30:31,410: INFO/MainProcess] Scheduler: Sending due task snmp-poll-sweep (app.tasks.run_snmp_poll_sweep_task)
[2026-08-03 15:30:32,965: INFO/MainProcess] Task app.tasks.snmp_poll_task[30c45e67-88bf-41a9-baf1-eaf1d31f01a6] succeeded in 1.5501270450004085s: 'green'
[2026-08-03 15:30:34,305: INFO/MainProcess] Task app.tasks.snmp_poll_task[5d32f68c-dae6-440c-a0a9-b3cfdcc95aeb] succeeded in 1.3384355009984574s: 'green'
[2026-08-03 15:30:35,670: INFO/MainProcess] Task app.tasks.snmp_poll_task[0ed8b90d-d244-417e-a971-43007aedbe30] succeeded in 1.365169976001198s: 'green'
[2026-08-03 15:30:35,671: INFO/MainProcess] Task app.tasks.run_snmp_poll_sweep_task[4b53463b-cb5c-44e1-84d5-9b7062d630b0] succeeded in 4.259802376000152s: 3
[2026-08-03 15:31:31,410: INFO/MainProcess] Scheduler: Sending due task snmp-poll-sweep (app.tasks.run_snmp_poll_sweep_task)
[2026-08-03 15:31:32,927: INFO/MainProcess] Task app.tasks.snmp_poll_task[8c248aa7-d850-4982-95da-b8601fad61cb] succeeded in 1.5131293250015005s: 'green'
[2026-08-03 15:31:34,239: INFO/MainProcess] Task app.tasks.snmp_poll_task[fbdd52b1-b7ff-43ca-b2c7-940474b06e87] succeeded in 1.3110945520020323s: 'green'
[2026-08-03 15:31:35,836: INFO/MainProcess] Task app.tasks.snmp_poll_task[2e510abe-a184-4ac9-b2e4-0859f4f8f6f5] succeeded in 1.5963996060017962s: 'green'
[2026-08-03 15:31:35,837: INFO/MainProcess] Task app.tasks.run_snmp_poll_sweep_task[1eecf3be-9882-4851-ad01-0cb91bcad098] succeeded in 4.426126076999935s: 3
[2026-08-03 15:32:31,410: INFO/MainProcess] Scheduler: Sending due task snmp-poll-sweep (app.tasks.run_snmp_poll_sweep_task)
[2026-08-03 15:32:32,848: INFO/MainProcess] Task app.tasks.snmp_poll_task[ee6c6607-f1ba-4557-8193-5bcd0cd04463] succeeded in 1.4343895220008562s: 'green'
[2026-08-03 15:32:34,357: INFO/MainProcess] Task app.tasks.snmp_poll_task[cd00c7f0-bfd4-4eea-80ac-cd0e99318467] succeeded in 1.508108728001389s: 'green'
[2026-08-03 15:32:35,817: INFO/MainProcess] Task app.tasks.snmp_poll_task[93369514-7203-4d9b-99cb-09f1cb004a72] succeeded in 1.4597109720016306s: 'green'
[2026-08-03 15:32:35,818: INFO/MainProcess] Task app.tasks.run_snmp_poll_sweep_task[6f6cdcba-b6ce-4d0b-aa3e-a8cf3fc34d87] succeeded in 4.406940143999236s: 3
[2026-08-03 15:33:31,410: INFO/MainProcess] Scheduler: Sending due task snmp-poll-sweep (app.tasks.run_snmp_poll_sweep_task)
[2026-08-03 15:33:32,792: INFO/MainProcess] Task app.tasks.snmp_poll_task[59253b05-662b-4070-9fce-383fb8243aec] succeeded in 1.377378035998845s: 'green'
[2026-08-03 15:33:34,168: INFO/MainProcess] Task app.tasks.snmp_poll_task[c11e81f7-35e0-4a30-bc48-56e9fc496d90] succeeded in 1.3761086129998148s: 'green'
[2026-08-03 15:33:35,584: INFO/MainProcess] Task app.tasks.snmp_poll_task[06d1f591-12a4-48b5-af49-42b981af8e1d] succeeded in 1.4158309300000838s: 'green'
[2026-08-03 15:33:35,585: INFO/MainProcess] Task app.tasks.run_snmp_poll_sweep_task[69b23003-a2d0-43fa-a49c-ab630cb197e5] succeeded in 4.173928636999335s: 3
[2026-08-03 15:34:31,410: INFO/MainProcess] Scheduler: Sending due task snmp-poll-sweep (app.tasks.run_snmp_poll_sweep_task)
[2026-08-03 15:34:32,741: INFO/MainProcess] Task app.tasks.snmp_poll_task[3468d932-fccd-4d23-b419-83a6f2800d27] succeeded in 1.3275158959986584s: 'green'
[2026-08-03 15:34:34,078: INFO/MainProcess] Task app.tasks.snmp_poll_task[32e295b3-50ea-4947-b27c-db41021acb34] succeeded in 1.3358678139993572s: 'green'
[2026-08-03 15:34:35,386: INFO/MainProcess] Task app.tasks.snmp_poll_task[a81aa8e9-d7d3-47f5-a6f2-467633e1cf9d] succeeded in 1.3075566139996226s: 'green'
[2026-08-03 15:34:35,386: INFO/MainProcess] Task app.tasks.run_snmp_poll_sweep_task[7dc20768-8fd8-450b-938a-c3a1c715ad02] succeeded in 3.975333225000213s: 3
[2026-08-03 15:35:31,410: INFO/MainProcess] Scheduler: Sending due task snmp-poll-sweep (app.tasks.run_snmp_poll_sweep_task)
[2026-08-03 15:35:32,726: INFO/MainProcess] Task app.tasks.snmp_poll_task[9cae8cf5-5fbc-45ab-a737-d5fa5c794615] succeeded in 1.3112974769974244s: 'green'
[2026-08-03 15:35:34,180: INFO/MainProcess] Task app.tasks.snmp_poll_task[e06ab2fc-1840-4b6c-ba00-8b5fda4c219c] succeeded in 1.4527433789990027s: 'green'
[2026-08-03 15:35:35,517: INFO/MainProcess] Task app.tasks.snmp_poll_task[5427f19d-c328-4b08-a528-5ee64caf362b] succeeded in 1.336117857001227s: 'green'
[2026-08-03 15:35:35,517: INFO/MainProcess] Task app.tasks.run_snmp_poll_sweep_task[d57cdd6a-ca2d-4b90-8b17-80d8874ce791] succeeded in 4.105846820999432s: 3
[2026-08-03 15:36:31,410: INFO/MainProcess] Scheduler: Sending due task snmp-poll-sweep (app.tasks.run_snmp_poll_sweep_task)
[2026-08-03 15:36:32,874: INFO/MainProcess] Task app.tasks.snmp_poll_task[753c04bd-1c85-4409-9a2a-8d1e7fe4fd7f] succeeded in 1.4582464990016888s: 'green'
[2026-08-03 15:36:34,185: INFO/MainProcess] Task app.tasks.snmp_poll_task[a2c6961b-3b1a-48b6-8883-970c84bae127] succeeded in 1.3106285329995444s: 'green'
[2026-08-03 15:36:35,623: INFO/MainProcess] Task app.tasks.snmp_poll_task[c2c2875a-cff7-4160-addc-516f7cd76bfc] succeeded in 1.437957368001662s: 'green'
[2026-08-03 15:36:35,623: INFO/MainProcess] Task app.tasks.run_snmp_poll_sweep_task[268ffb9d-8611-4f14-af3d-b2f719cc7400] succeeded in 4.212467810000817s: 3
[2026-08-03 15:37:31,410: INFO/MainProcess] Scheduler: Sending due task snmp-poll-sweep (app.tasks.run_snmp_poll_sweep_task)
[2026-08-03 15:37:32,744: INFO/MainProcess] Task app.tasks.snmp_poll_task[8b85862d-b8b0-4b3e-a623-3f024a13ac2c] succeeded in 1.3310665969984257s: 'green'
[2026-08-03 15:37:34,177: INFO/MainProcess] Task app.tasks.snmp_poll_task[2dcb2ba8-d93e-4076-b268-fde5c556b606] succeeded in 1.431957730997965s: 'green'
[2026-08-03 15:37:35,670: INFO/MainProcess] Task app.tasks.snmp_poll_task[6bb788ad-8794-47bb-b2df-c47956b5366b] succeeded in 1.4926085420011077s: 'green'
[2026-08-03 15:37:35,670: INFO/MainProcess] Task app.tasks.run_snmp_poll_sweep_task[928b4bb4-2440-4b16-baa2-9f16f7305a55] succeeded in 4.2593475749999925s: 3
[2026-08-03 15:38:31,410: INFO/MainProcess] Scheduler: Sending due task snmp-poll-sweep (app.tasks.run_snmp_poll_sweep_task)
[2026-08-03 15:38:32,997: INFO/MainProcess] Task app.tasks.snmp_poll_task[04da5299-cfce-4886-9934-3bd7a8ba95d2] succeeded in 1.5824522520015307s: 'green'
[2026-08-03 15:38:34,362: INFO/MainProcess] Task app.tasks.snmp_poll_task[b2350d3d-f366-4b78-bb71-551dc7bf3b64] succeeded in 1.3643785170024785s: 'green'
[2026-08-03 15:38:35,591: INFO/MainProcess] Task app.tasks.snmp_poll_task[0f69f24d-a8c2-4680-980c-37462eb335b6] succeeded in 1.2286363019993587s: 'green'
[2026-08-03 15:38:35,591: INFO/MainProcess] Task app.tasks.run_snmp_poll_sweep_task[5d237eff-c2c2-4b8c-91b8-56a47777bb9d] succeeded in 4.180642214003456s: 3
[2026-08-03 15:39:31,411: INFO/MainProcess] Scheduler: Sending due task snmp-poll-sweep (app.tasks.run_snmp_poll_sweep_task)
[2026-08-03 15:39:32,884: INFO/MainProcess] Task app.tasks.snmp_poll_task[71206741-3057-4de5-b366-4356d7c3bfc7] succeeded in 1.4685047999992094s: 'green'
[2026-08-03 15:39:34,330: INFO/MainProcess] Task app.tasks.snmp_poll_task[04158cd0-0093-4632-8384-9de4deafb593] succeeded in 1.44587003000197s: 'green'
[2026-08-03 15:39:35,701: INFO/MainProcess] Task app.tasks.snmp_poll_task[32a22e2a-b894-445c-9995-2cc61c0a117f] succeeded in 1.370456345997809s: 'green'
[2026-08-03 15:39:35,701: INFO/MainProcess] Task app.tasks.run_snmp_poll_sweep_task[2ca12c65-b851-454e-8727-1f41bc4ed51a] succeeded in 4.289453395998862s: 3
[2026-08-03 15:40:31,411: INFO/MainProcess] Scheduler: Sending due task snmp-poll-sweep (app.tasks.run_snmp_poll_sweep_task)
[2026-08-03 15:40:32,871: INFO/MainProcess] Task app.tasks.snmp_poll_task[701a2f07-5a10-4d5f-858f-ba9186024b5f] succeeded in 1.4568541109983926s: 'green'
[2026-08-03 15:40:34,329: INFO/MainProcess] Task app.tasks.snmp_poll_task[9d417246-7aa9-4fc4-bb09-e372bf29a12f] succeeded in 1.4566646060011408s: 'green'
[2026-08-03 15:40:35,688: INFO/MainProcess] Task app.tasks.snmp_poll_task[9b1eb0e1-3f68-485c-814d-ad9c3efc59ff] succeeded in 1.359436435999669s: 'green'
[2026-08-03 15:40:35,689: INFO/MainProcess] Task app.tasks.run_snmp_poll_sweep_task[96f5c23b-f960-4240-a63a-0522696af2d7] succeeded in 4.277457807002065s: 3
[2026-08-03 15:41:31,411: INFO/MainProcess] Scheduler: Sending due task snmp-poll-sweep (app.tasks.run_snmp_poll_sweep_task)
[2026-08-03 15:41:32,791: INFO/MainProcess] Task app.tasks.snmp_poll_task[0f7439a9-bed1-428a-b349-3222b12eb236] succeeded in 1.376552237001306s: 'green'
[2026-08-03 15:41:34,207: INFO/MainProcess] Task app.tasks.snmp_poll_task[dcf43fc6-b8ec-487a-8288-0d9651347c47] succeeded in 1.414685763000307s: 'green'
[2026-08-03 15:41:35,578: INFO/MainProcess] Task app.tasks.snmp_poll_task[386344f7-b0f6-434a-bac5-25d9e0660221] succeeded in 1.3710196780011756s: 'green'
[2026-08-03 15:41:35,578: INFO/MainProcess] Task app.tasks.run_snmp_poll_sweep_task[97757434-545d-4300-a16d-6613f4ecd41d] succeeded in 4.166995788000349s: 3
[2026-08-03 15:42:31,411: INFO/MainProcess] Scheduler: Sending due task snmp-poll-sweep (app.tasks.run_snmp_poll_sweep_task)
[2026-08-03 15:42:32,771: INFO/MainProcess] Task app.tasks.snmp_poll_task[fb144fbe-e404-4730-9d16-7c8725a52bf6] succeeded in 1.3559906910013524s: 'green'
[2026-08-03 15:42:34,098: INFO/MainProcess] Task app.tasks.snmp_poll_task[69d2e6de-5d9b-468f-8ff0-952adbf8c380] succeeded in 1.3264577600020857s: 'green'
[2026-08-03 15:42:35,446: INFO/MainProcess] Task app.tasks.snmp_poll_task[cb1de6fa-bd43-4a5a-814f-eca472f2c627] succeeded in 1.3478542490011023s: 'green'
[2026-08-03 15:42:35,447: INFO/MainProcess] Task app.tasks.run_snmp_poll_sweep_task[d4ffc81b-bb3c-4e4c-b23c-536ab55f0ac3] succeeded in 4.035390547000134s: 3
[2026-08-03 15:43:31,411: INFO/MainProcess] Scheduler: Sending due task snmp-poll-sweep (app.tasks.run_snmp_poll_sweep_task)
[2026-08-03 15:43:32,799: INFO/MainProcess] Task app.tasks.snmp_poll_task[0580ee65-e392-416a-8202-743e5bbb964c] succeeded in 1.3855979830004799s: 'green'
[2026-08-03 15:43:34,142: INFO/MainProcess] Task app.tasks.snmp_poll_task[49a85e2a-ad76-419c-bb0c-fa7946207a0b] succeeded in 1.3419432510017941s: 'green'
[2026-08-03 15:43:35,467: INFO/MainProcess] Task app.tasks.snmp_poll_task[2026db63-b576-43c9-9925-f306be964aa7] succeeded in 1.3242485209993902s: 'green'
[2026-08-03 15:43:35,467: INFO/MainProcess] Task app.tasks.run_snmp_poll_sweep_task[9606fec6-2dc0-475c-bcaa-246cc1c0e5af] succeeded in 4.055818626999098s: 3
[2026-08-03 15:44:31,411: INFO/MainProcess] Scheduler: Sending due task snmp-poll-sweep (app.tasks.run_snmp_poll_sweep_task)
[2026-08-03 15:44:32,771: INFO/MainProcess] Task app.tasks.snmp_poll_task[eb89be06-e8f3-46c1-9bf1-521d925d74a2] succeeded in 1.3549598200006585s: 'green'
[2026-08-03 15:44:34,123: INFO/MainProcess] Task app.tasks.snmp_poll_task[89899212-636d-4384-a3f6-8d13be8b8efb] succeeded in 1.3518947310003568s: 'green'
[2026-08-03 15:44:35,518: INFO/MainProcess] Task app.tasks.snmp_poll_task[cd12221e-0f65-42b6-8468-8f8d4240d955] succeeded in 1.3943547080016288s: 'green'
[2026-08-03 15:44:35,519: INFO/MainProcess] Task app.tasks.run_snmp_poll_sweep_task[5148472d-61ac-4250-a962-23c398db66f6] succeeded in 4.107272002998798s: 3
[2026-08-03 15:45:31,411: INFO/MainProcess] Scheduler: Sending due task snmp-poll-sweep (app.tasks.run_snmp_poll_sweep_task)
[2026-08-03 15:45:32,784: INFO/MainProcess] Task app.tasks.snmp_poll_task[6e059db3-cdbf-432f-8ab5-79912fccc097] succeeded in 1.3689388159982627s: 'green'
[2026-08-03 15:45:34,209: INFO/MainProcess] Task app.tasks.snmp_poll_task[b42fef15-b6bc-4ec1-863c-d00b060c6ae9] succeeded in 1.4240754839993315s: 'green'
[2026-08-03 15:45:35,521: INFO/MainProcess] Task app.tasks.snmp_poll_task[2ab47038-f430-4a83-a513-7ada4ced68ac] succeeded in 1.3122307409976202s: 'green'
[2026-08-03 15:45:35,522: INFO/MainProcess] Task app.tasks.run_snmp_poll_sweep_task[2997d321-2874-40da-b214-83335067d4b3] succeeded in 4.110182405001979s: 3
[2026-08-03 15:46:31,411: INFO/MainProcess] Scheduler: Sending due task snmp-poll-sweep (app.tasks.run_snmp_poll_sweep_task)
[2026-08-03 15:46:32,729: INFO/MainProcess] Task app.tasks.snmp_poll_task[32d60640-b1de-4f17-922b-d100ceeba992] succeeded in 1.3132535549993918s: 'green'
[2026-08-03 15:46:34,076: INFO/MainProcess] Task app.tasks.snmp_poll_task[574ddf36-886f-43bd-b979-831a1cba5d98] succeeded in 1.346809430000576s: 'green'
[2026-08-03 15:46:35,366: INFO/MainProcess] Task app.tasks.snmp_poll_task[dbef2154-9906-40ac-9d85-a93a6d609868] succeeded in 1.289790434002498s: 'green'
[2026-08-03 15:46:35,366: INFO/MainProcess] Task app.tasks.run_snmp_poll_sweep_task[8919ed87-b981-401e-954e-7702fe6a2b47] succeeded in 3.9551006450019486s: 3
[2026-08-03 15:47:31,411: INFO/MainProcess] Scheduler: Sending due task snmp-poll-sweep (app.tasks.run_snmp_poll_sweep_task)
[2026-08-03 15:47:32,751: INFO/MainProcess] Task app.tasks.snmp_poll_task[4dd05eff-2575-42b6-ac46-23d9ea5732df] succeeded in 1.3367018309982086s: 'green'
[2026-08-03 15:47:34,090: INFO/MainProcess] Task app.tasks.snmp_poll_task[9d19af99-83fb-4b77-a6e2-21590feada41] succeeded in 1.3389468340028543s: 'green'
[2026-08-03 15:47:35,358: INFO/MainProcess] Task app.tasks.snmp_poll_task[f0b2844a-a465-4d6f-90da-857aca94edec] succeeded in 1.2665710780020163s: 'green'
[2026-08-03 15:47:35,358: INFO/MainProcess] Task app.tasks.run_snmp_poll_sweep_task[48782653-17d3-4ae6-9bf0-e3b12e511d91] succeeded in 3.946310620998702s: 3
[2026-08-03 15:48:31,411: INFO/MainProcess] Scheduler: Sending due task snmp-poll-sweep (app.tasks.run_snmp_poll_sweep_task)
[2026-08-03 15:48:32,794: INFO/MainProcess] Task app.tasks.snmp_poll_task[9aa7daeb-c31a-4cbc-bfe5-acab5d32393a] succeeded in 1.3796191990004445s: 'green'
[2026-08-03 15:48:34,111: INFO/MainProcess] Task app.tasks.snmp_poll_task[3b5ad225-8060-49ff-9312-e3a5541ddb23] succeeded in 1.3165195510009653s: 'green'
[2026-08-03 15:48:35,390: INFO/MainProcess] Task app.tasks.snmp_poll_task[e4ea7240-8c44-4319-876a-bfbd909f32fc] succeeded in 1.2788971139998466s: 'green'
[2026-08-03 15:48:35,391: INFO/MainProcess] Task app.tasks.run_snmp_poll_sweep_task[b469088e-2ea8-4d98-9e9a-4ab80905b23a] succeeded in 3.9790591479977593s: 3
[2026-08-03 15:49:31,411: INFO/MainProcess] Scheduler: Sending due task snmp-poll-sweep (app.tasks.run_snmp_poll_sweep_task)
[2026-08-03 15:49:32,891: INFO/MainProcess] Task app.tasks.snmp_poll_task[db29a9cd-6236-4125-8b16-64909ada9add] succeeded in 1.4746220779998112s: 'green'
[2026-08-03 15:49:34,343: INFO/MainProcess] Task app.tasks.snmp_poll_task[fb857b7b-f8cd-4aa9-b821-10fa62f45268] succeeded in 1.4517499530011264s: 'green'
[2026-08-03 15:49:35,603: INFO/MainProcess] Task app.tasks.snmp_poll_task[536bfeda-e78a-4a27-881a-da6a742c6e2b] succeeded in 1.2595196699985536s: 'green'
[2026-08-03 15:49:35,604: INFO/MainProcess] Task app.tasks.run_snmp_poll_sweep_task[b924a960-5324-4c37-a784-1ae73f9e2228] succeeded in 4.1920917779971205s: 3
[2026-08-03 15:50:31,411: INFO/MainProcess] Scheduler: Sending due task snmp-poll-sweep (app.tasks.run_snmp_poll_sweep_task)
[2026-08-03 15:50:32,773: INFO/MainProcess] Task app.tasks.snmp_poll_task[df6dd0ac-d1a4-42e4-9320-398c780a196d] succeeded in 1.3564735440013465s: 'green'
[2026-08-03 15:50:34,115: INFO/MainProcess] Task app.tasks.snmp_poll_task[7f3542a2-7ff6-486f-a0ec-2e03fa5426dd] succeeded in 1.3414634760010813s: 'green'
[2026-08-03 15:50:35,457: INFO/MainProcess] Task app.tasks.snmp_poll_task[497c18fc-6199-4c28-9bec-b7faba6a7766] succeeded in 1.341607913000189s: 'green'
[2026-08-03 15:50:35,457: INFO/MainProcess] Task app.tasks.run_snmp_poll_sweep_task[414f8128-9222-4448-89f2-00c83e2fc7e0] succeeded in 4.045458014999895s: 3
[2026-08-03 15:51:31,411: INFO/MainProcess] Scheduler: Sending due task snmp-poll-sweep (app.tasks.run_snmp_poll_sweep_task)
[2026-08-03 15:51:32,789: INFO/MainProcess] Task app.tasks.snmp_poll_task[a3a73d80-cc8f-4178-8860-67db4f71dbf8] succeeded in 1.375460914998257s: 'green'
[2026-08-03 15:51:34,221: INFO/MainProcess] Task app.tasks.snmp_poll_task[90132ae5-a691-484a-99c8-a74345539cac] succeeded in 1.4311943100001372s: 'green'
[2026-08-03 15:51:35,603: INFO/MainProcess] Task app.tasks.snmp_poll_task[340c7aaa-5e83-4943-8f85-b642c9575975] succeeded in 1.3815743910017773s: 'green'
[2026-08-03 15:51:35,604: INFO/MainProcess] Task app.tasks.run_snmp_poll_sweep_task[c2334459-3475-441d-9eb7-39088bb2b0b9] succeeded in 4.19222757499665s: 3
[2026-08-03 15:52:31,411: INFO/MainProcess] Scheduler: Sending due task snmp-poll-sweep (app.tasks.run_snmp_poll_sweep_task)
[2026-08-03 15:52:32,767: INFO/MainProcess] Task app.tasks.snmp_poll_task[99b0b4f8-0197-4f60-bb56-25b2579e8528] succeeded in 1.3523874169986811s: 'green'
[2026-08-03 15:52:34,167: INFO/MainProcess] Task app.tasks.snmp_poll_task[dc43874c-14ef-495c-a84f-75fb76893aa3] succeeded in 1.3990772959987225s: 'green'
[2026-08-03 15:52:35,588: INFO/MainProcess] Task app.tasks.snmp_poll_task[9131633a-0def-4408-ab4a-63c944813ecb] succeeded in 1.4206874239971512s: 'green'
[2026-08-03 15:52:35,588: INFO/MainProcess] Task app.tasks.run_snmp_poll_sweep_task[9ccd59bc-8baf-4c1e-9083-ed8a41c049d8] succeeded in 4.176848461000191s: 3
[2026-08-03 15:53:31,411: INFO/MainProcess] Scheduler: Sending due task snmp-poll-sweep (app.tasks.run_snmp_poll_sweep_task)
[2026-08-03 15:53:32,783: INFO/MainProcess] Task app.tasks.snmp_poll_task[55811c12-959d-45c3-b5b0-dcc432f8718e] succeeded in 1.3679827870000736s: 'green'
[2026-08-03 15:53:34,131: INFO/MainProcess] Task app.tasks.snmp_poll_task[7d8744aa-291c-4a4b-8169-347c05352867] succeeded in 1.3477620080011548s: 'green'
[2026-08-03 15:53:35,472: INFO/MainProcess] Task app.tasks.snmp_poll_task[58a5295b-45cf-452b-b4ce-84c8ee1c8f20] succeeded in 1.3399295230010466s: 'green'
[2026-08-03 15:53:35,472: INFO/MainProcess] Task app.tasks.run_snmp_poll_sweep_task[7c828b47-72bb-4a2c-bea8-ee1fce11a10d] succeeded in 4.060272828999587s: 3
[2026-08-03 15:54:31,411: INFO/MainProcess] Scheduler: Sending due task snmp-poll-sweep (app.tasks.run_snmp_poll_sweep_task)
[2026-08-03 15:54:32,910: INFO/MainProcess] Task app.tasks.snmp_poll_task[5dad307d-8bfd-4e2e-82eb-9bf441eb9537] succeeded in 1.4947466129997338s: 'green'
[2026-08-03 15:54:34,552: INFO/MainProcess] Task app.tasks.snmp_poll_task[2e031a9b-5336-4769-87ac-8553f09d0905] succeeded in 1.6412527050015342s: 'green'
[2026-08-03 15:54:35,946: INFO/MainProcess] Task app.tasks.snmp_poll_task[a8fb3a9e-9ccc-4003-bdc4-418afcb696de] succeeded in 1.3935322779980197s: 'green'
[2026-08-03 15:54:35,946: INFO/MainProcess] Task app.tasks.run_snmp_poll_sweep_task[b5ab35ec-a7af-4266-bcdd-04b2ed7c31e5] succeeded in 4.53421677499864s: 3
[2026-08-03 15:55:31,411: INFO/MainProcess] Scheduler: Sending due task snmp-poll-sweep (app.tasks.run_snmp_poll_sweep_task)
[2026-08-03 15:55:32,899: INFO/MainProcess] Task app.tasks.snmp_poll_task[9ee59721-4b8f-485a-961a-317daddcc95c] succeeded in 1.4836825720012712s: 'green'
[2026-08-03 15:55:34,257: INFO/MainProcess] Task app.tasks.snmp_poll_task[8a00dea7-eeee-44fb-82d5-fd62e1b04a4c] succeeded in 1.3576662779996695s: 'green'
[2026-08-03 15:55:35,666: INFO/MainProcess] Task app.tasks.snmp_poll_task[d56b698a-5caf-4737-9585-49d7dba9130e] succeeded in 1.4076353599994036s: 'green'
[2026-08-03 15:55:35,666: INFO/MainProcess] Task app.tasks.run_snmp_poll_sweep_task[62aded32-472a-4e7b-8967-2903f4048981] succeeded in 4.253990271998191s: 3
[2026-08-03 15:56:31,411: INFO/MainProcess] Scheduler: Sending due task snmp-poll-sweep (app.tasks.run_snmp_poll_sweep_task)
[2026-08-03 15:56:32,814: INFO/MainProcess] Task app.tasks.snmp_poll_task[47a56a02-7ca2-4d6e-a5be-4643c1cb93b3] succeeded in 1.3987439279990213s: 'green'
[2026-08-03 15:56:34,149: INFO/MainProcess] Task app.tasks.snmp_poll_task[e664ef97-c55e-4a8e-aae5-2ed3dbcbd5ac] succeeded in 1.3340531070025463s: 'green'
[2026-08-03 15:56:35,481: INFO/MainProcess] Task app.tasks.snmp_poll_task[80bf15bf-45ad-43ac-92bb-209309f88bd4] succeeded in 1.3322062459992594s: 'green'
[2026-08-03 15:56:35,482: INFO/MainProcess] Task app.tasks.run_snmp_poll_sweep_task[e7e107e7-1e79-4444-9f09-a0df360699ac] succeeded in 4.069827084000281s: 3
[2026-08-03 15:57:31,411: INFO/MainProcess] Scheduler: Sending due task snmp-poll-sweep (app.tasks.run_snmp_poll_sweep_task)
[2026-08-03 15:57:32,679: INFO/MainProcess] Task app.tasks.snmp_poll_task[8cc9b525-0b78-4278-a434-483585de0947] succeeded in 1.262542021999252s: 'green'
[2026-08-03 15:57:34,017: INFO/MainProcess] Task app.tasks.snmp_poll_task[172ae6ea-0cfe-47aa-bccf-d2397fc5cfb8] succeeded in 1.3372425969973847s: 'green'
[2026-08-03 15:57:35,366: INFO/MainProcess] Task app.tasks.snmp_poll_task[3b3e0c96-61a8-4e06-92b2-d36ac22d000b] succeeded in 1.3486875519993191s: 'green'
[2026-08-03 15:57:35,366: INFO/MainProcess] Task app.tasks.run_snmp_poll_sweep_task[7221c9b4-d35f-4e9a-88bc-5f9d4001bc35] succeeded in 3.95411632700052s: 3
[2026-08-03 15:58:31,411: INFO/MainProcess] Scheduler: Sending due task snmp-poll-sweep (app.tasks.run_snmp_poll_sweep_task)
[2026-08-03 15:58:32,861: INFO/MainProcess] Task app.tasks.snmp_poll_task[56ca606f-2056-4cd4-b966-f505bf93c716] succeeded in 1.4453595820014016s: 'green'
[2026-08-03 15:58:34,223: INFO/MainProcess] Task app.tasks.snmp_poll_task[6fa63fe6-da3c-4c20-8332-51c48e859093] succeeded in 1.3618193049987894s: 'green'
[2026-08-03 15:58:35,590: INFO/MainProcess] Task app.tasks.snmp_poll_task[def717ae-ea87-4359-90a6-50d9853f8f3e] succeeded in 1.3660817060008412s: 'green'
[2026-08-03 15:58:35,590: INFO/MainProcess] Task app.tasks.run_snmp_poll_sweep_task[9cadd6b4-833d-4e6f-8c2a-8a7d6a03a761] succeeded in 4.1778687559999526s: 3
[2026-08-03 15:59:31,411: INFO/MainProcess] Scheduler: Sending due task snmp-poll-sweep (app.tasks.run_snmp_poll_sweep_task)
[2026-08-03 15:59:32,842: INFO/MainProcess] Task app.tasks.snmp_poll_task[0b0ec5dd-68df-4c19-a07d-f48d814bd906] succeeded in 1.425724935998005s: 'green'
[2026-08-03 15:59:34,336: INFO/MainProcess] Task app.tasks.snmp_poll_task[76d87063-8671-46e7-97a5-79f7c6aba5b8] succeeded in 1.4932648149988381s: 'green'
[2026-08-03 15:59:35,727: INFO/MainProcess] Task app.tasks.snmp_poll_task[a017dabb-ee9d-4e66-9c59-4eeebbf7a576] succeeded in 1.3904706760004046s: 'green'
[2026-08-03 15:59:35,727: INFO/MainProcess] Task app.tasks.run_snmp_poll_sweep_task[91115384-7cee-4c5d-9f6c-449732ca3719] succeeded in 4.315191310000955s: 3
[2026-08-03 16:00:31,411: INFO/MainProcess] Scheduler: Sending due task snmp-poll-sweep (app.tasks.run_snmp_poll_sweep_task)
[2026-08-03 16:00:33,025: INFO/MainProcess] Task app.tasks.snmp_poll_task[60ccbf1c-c7cc-48fa-a997-428fb6d70a87] succeeded in 1.608352710998588s: 'green'
[2026-08-03 16:00:34,435: INFO/MainProcess] Task app.tasks.snmp_poll_task[f11b6ab2-749b-4f82-aa86-4345e5a5bb85] succeeded in 1.4093358120007906s: 'green'
[2026-08-03 16:00:35,700: INFO/MainProcess] Task app.tasks.snmp_poll_task[dedbef3c-762f-41ae-96a3-ad61da3b7974] succeeded in 1.264269917999627s: 'green'
[2026-08-03 16:00:35,700: INFO/MainProcess] Task app.tasks.run_snmp_poll_sweep_task[ce59989f-671b-476e-9a27-e8bcedb7c8c6] succeeded in 4.287802250000823s: 3
[2026-08-03 16:01:31,411: INFO/MainProcess] Scheduler: Sending due task snmp-poll-sweep (app.tasks.run_snmp_poll_sweep_task)
[2026-08-03 16:01:32,823: INFO/MainProcess] Task app.tasks.snmp_poll_task[de2544fb-944d-4bbe-9324-972f0cdad9c2] succeeded in 1.4079360100004124s: 'green'
[2026-08-03 16:01:34,143: INFO/MainProcess] Task app.tasks.snmp_poll_task[f47c115f-4721-44c9-a320-9e870314a73b] succeeded in 1.3194277290022s: 'green'
[2026-08-03 16:01:35,564: INFO/MainProcess] Task app.tasks.snmp_poll_task[ef61ec24-166a-405c-af23-fbc42b1c5400] succeeded in 1.4203787090009428s: 'green'
[2026-08-03 16:01:35,564: INFO/MainProcess] Task app.tasks.run_snmp_poll_sweep_task[09f2e048-7e1f-4775-be0b-23d471590352] succeeded in 4.152135094002006s: 3
[2026-08-03 16:02:31,411: INFO/MainProcess] Scheduler: Sending due task snmp-poll-sweep (app.tasks.run_snmp_poll_sweep_task)
[2026-08-03 16:02:32,740: INFO/MainProcess] Task app.tasks.snmp_poll_task[91766385-283d-41fe-80bb-9f5d192ae483] succeeded in 1.3255519110025489s: 'green'
[2026-08-03 16:02:34,108: INFO/MainProcess] Task app.tasks.snmp_poll_task[14a8ae76-f731-4b98-87e3-f760b0ab0c21] succeeded in 1.3679961529996945s: 'green'
[2026-08-03 16:02:35,485: INFO/MainProcess] Task app.tasks.snmp_poll_task[84511c5d-040d-4872-a4ad-2869f9c1e22b] succeeded in 1.3759619779993955s: 'green'
[2026-08-03 16:02:35,485: INFO/MainProcess] Task app.tasks.run_snmp_poll_sweep_task[7bd74c11-377b-4312-befe-03a5ceefd702] succeeded in 4.073413458998402s: 3
[2026-08-03 16:03:31,412: INFO/MainProcess] Scheduler: Sending due task snmp-poll-sweep (app.tasks.run_snmp_poll_sweep_task)
[2026-08-03 16:03:32,794: INFO/MainProcess] Task app.tasks.snmp_poll_task[14d88672-dc1e-4979-88e6-23d51309bb6a] succeeded in 1.3785122799999954s: 'green'
[2026-08-03 16:03:34,128: INFO/MainProcess] Task app.tasks.snmp_poll_task[fccd78a7-b1be-4aea-a7c2-28dbca8f1b83] succeeded in 1.3332381999971403s: 'green'
[2026-08-03 16:03:35,482: INFO/MainProcess] Task app.tasks.snmp_poll_task[e2b1a708-ec59-439a-a724-2a1a4646b4d3] succeeded in 1.3536416450006072s: 'green'
[2026-08-03 16:03:35,482: INFO/MainProcess] Task app.tasks.run_snmp_poll_sweep_task[f59ac166-9250-403f-85f9-ac83bf4b39bc] succeeded in 4.07054928800062s: 3
[2026-08-03 16:04:31,412: INFO/MainProcess] Scheduler: Sending due task snmp-poll-sweep (app.tasks.run_snmp_poll_sweep_task)
[2026-08-03 16:04:32,785: INFO/MainProcess] Task app.tasks.snmp_poll_task[5f15b710-f4d5-439d-9f68-47c761c4265d] succeeded in 1.3705283870003768s: 'green'
[2026-08-03 16:04:34,028: INFO/MainProcess] Task app.tasks.snmp_poll_task[0de82bc9-0cdf-4f54-938a-1fc658135451] succeeded in 1.2423152510018554s: 'green'
[2026-08-03 16:04:35,463: INFO/MainProcess] Task app.tasks.snmp_poll_task[7f5b6143-957e-4331-bc5f-d697864b41e6] succeeded in 1.4344636870009708s: 'green'
[2026-08-03 16:04:35,464: INFO/MainProcess] Task app.tasks.run_snmp_poll_sweep_task[146f1f1a-8305-40ab-b32c-0cd703daad3a] succeeded in 4.051676885999768s: 3
[2026-08-03 16:05:31,412: INFO/MainProcess] Scheduler: Sending due task snmp-poll-sweep (app.tasks.run_snmp_poll_sweep_task)
[2026-08-03 16:05:32,798: INFO/MainProcess] Task app.tasks.snmp_poll_task[fd7902b5-d594-4bbb-a93a-037b595d66f2] succeeded in 1.3831182610010728s: 'green'
[2026-08-03 16:05:34,167: INFO/MainProcess] Task app.tasks.snmp_poll_task[bbc897db-e1c2-4346-a40a-26cd7c4286b1] succeeded in 1.3690922809983022s: 'green'
[2026-08-03 16:05:35,589: INFO/MainProcess] Task app.tasks.snmp_poll_task[8149d5a4-b612-4378-acd1-5ac1fc0f75dd] succeeded in 1.4212577549988055s: 'green'
[2026-08-03 16:05:35,590: INFO/MainProcess] Task app.tasks.run_snmp_poll_sweep_task[a9ad3ca0-1606-4fee-8ce2-da0c0943bcc4] succeeded in 4.177768019002542s: 3
[2026-08-03 16:06:31,412: INFO/MainProcess] Scheduler: Sending due task snmp-poll-sweep (app.tasks.run_snmp_poll_sweep_task)
[2026-08-03 16:06:32,954: INFO/MainProcess] Task app.tasks.snmp_poll_task[69cdd0b3-24ef-4f36-9a9c-cb25fc5231ab] succeeded in 1.5381500650000817s: 'green'
[2026-08-03 16:06:34,306: INFO/MainProcess] Task app.tasks.snmp_poll_task[43e5cfb5-3893-4d40-9583-6b44ca6e89d0] succeeded in 1.350345599999855s: 'green'
[2026-08-03 16:06:35,643: INFO/MainProcess] Task app.tasks.snmp_poll_task[f6d70484-fe9a-440a-aa79-56a3b3512f2c] succeeded in 1.3366825379998772s: 'green'
[2026-08-03 16:06:35,644: INFO/MainProcess] Task app.tasks.run_snmp_poll_sweep_task[41795def-0b3c-40a8-bc8c-ac3834733ca4] succeeded in 4.2313921580025635s: 3
[2026-08-03 16:07:31,412: INFO/MainProcess] Scheduler: Sending due task snmp-poll-sweep (app.tasks.run_snmp_poll_sweep_task)
[2026-08-03 16:07:32,850: INFO/MainProcess] Task app.tasks.snmp_poll_task[ea87004d-489f-4499-87db-1b330262e1bc] succeeded in 1.4342743200031691s: 'green'
[2026-08-03 16:07:34,221: INFO/MainProcess] Task app.tasks.snmp_poll_task[81dadd21-0a73-4c0f-9a45-2bd235419530] succeeded in 1.3702725029979774s: 'green'
[2026-08-03 16:07:35,570: INFO/MainProcess] Task app.tasks.snmp_poll_task[12d4ca01-6f88-4035-bdf0-39eed284ffcb] succeeded in 1.3490390990009473s: 'green'
[2026-08-03 16:07:35,570: INFO/MainProcess] Task app.tasks.run_snmp_poll_sweep_task[2b1c61d0-b7cc-4755-b79d-3a95fd10e9fb] succeeded in 4.158150143000967s: 3
[2026-08-03 16:08:31,412: INFO/MainProcess] Scheduler: Sending due task snmp-poll-sweep (app.tasks.run_snmp_poll_sweep_task)
[2026-08-03 16:08:32,727: INFO/MainProcess] Task app.tasks.snmp_poll_task[3231e4c0-2604-4f74-b6cf-6cee0cc1460f] succeeded in 1.3112831440012087s: 'green'
[2026-08-03 16:08:34,101: INFO/MainProcess] Task app.tasks.snmp_poll_task[a4d70ed8-b47d-4123-8e1f-dbbbc241928d] succeeded in 1.3739074019977124s: 'green'
[2026-08-03 16:08:35,449: INFO/MainProcess] Task app.tasks.snmp_poll_task[e3b841dd-902b-4d1c-a67e-c93b6cbd3ffb] succeeded in 1.3464835710001353s: 'green'
[2026-08-03 16:08:35,449: INFO/MainProcess] Task app.tasks.run_snmp_poll_sweep_task[459fc3ca-f711-42d3-a046-ff6e6a642c31] succeeded in 4.036394225000549s: 3
[2026-08-03 16:09:31,412: INFO/MainProcess] Scheduler: Sending due task snmp-poll-sweep (app.tasks.run_snmp_poll_sweep_task)
[2026-08-03 16:09:32,798: INFO/MainProcess] Task app.tasks.snmp_poll_task[1308b3b6-887e-41a6-be6e-374046e913ca] succeeded in 1.3824689049979497s: 'green'
[2026-08-03 16:09:34,098: INFO/MainProcess] Task app.tasks.snmp_poll_task[810d9dec-fcb7-4290-93a1-6abd150dce78] succeeded in 1.299316053999064s: 'green'
[2026-08-03 16:09:35,450: INFO/MainProcess] Task app.tasks.snmp_poll_task[f427f80c-c15d-48ec-81a8-075cb6d150cb] succeeded in 1.3515823950001504s: 'green'
[2026-08-03 16:09:35,450: INFO/MainProcess] Task app.tasks.run_snmp_poll_sweep_task[a36bcb31-d9a9-4344-8e54-7e8f69da0619] succeeded in 4.038130043001729s: 3
[2026-08-03 16:10:31,412: INFO/MainProcess] Scheduler: Sending due task snmp-poll-sweep (app.tasks.run_snmp_poll_sweep_task)
[2026-08-03 16:10:32,866: INFO/MainProcess] Task app.tasks.snmp_poll_task[0bce2e70-b6e6-4420-8e28-0e229f593f24] succeeded in 1.4501723470020806s: 'green'
[2026-08-03 16:10:34,248: INFO/MainProcess] Task app.tasks.snmp_poll_task[40f67bc0-7523-489a-b1c4-0f7db9174ab8] succeeded in 1.381860941000923s: 'green'
[2026-08-03 16:10:35,629: INFO/MainProcess] Task app.tasks.snmp_poll_task[e15f1256-e57b-445d-8206-0d82dc8d4df3] succeeded in 1.3806239309997181s: 'green'
[2026-08-03 16:10:35,630: INFO/MainProcess] Task app.tasks.run_snmp_poll_sweep_task[9c04aa89-00cd-486a-9016-0022d22e4054] succeeded in 4.21753191300013s: 3
[2026-08-03 16:11:31,412: INFO/MainProcess] Scheduler: Sending due task snmp-poll-sweep (app.tasks.run_snmp_poll_sweep_task)
[2026-08-03 16:11:32,844: INFO/MainProcess] Task app.tasks.snmp_poll_task[08b32b70-2987-4ed3-b5d7-a66ecc55e1d6] succeeded in 1.4284467489997041s: 'green'
[2026-08-03 16:11:34,401: INFO/MainProcess] Task app.tasks.snmp_poll_task[d92ee89f-2efc-49af-9fed-42a3c88e4015] succeeded in 1.556419824999466s: 'green'
[2026-08-03 16:11:35,781: INFO/MainProcess] Task app.tasks.snmp_poll_task[fad1c3e8-61ea-43a0-a7b7-21e8fa9c5709] succeeded in 1.379194067998469s: 'green'
[2026-08-03 16:11:35,781: INFO/MainProcess] Task app.tasks.run_snmp_poll_sweep_task[1b3825b5-4e41-4894-97e5-db2e4a1653f6] succeeded in 4.368517930000962s: 3
[2026-08-03 16:12:31,412: INFO/MainProcess] Scheduler: Sending due task snmp-poll-sweep (app.tasks.run_snmp_poll_sweep_task)
[2026-08-03 16:12:32,813: INFO/MainProcess] Task app.tasks.snmp_poll_task[90525b2e-def9-4b17-ac77-de969c952e56] succeeded in 1.397169933999976s: 'green'
[2026-08-03 16:12:34,274: INFO/MainProcess] Task app.tasks.snmp_poll_task[3e9e1666-8711-4068-8ea0-3aed5a33075c] succeeded in 1.4596636919995944s: 'green'
[2026-08-03 16:12:35,638: INFO/MainProcess] Task app.tasks.snmp_poll_task[798b5a77-cf84-4be7-96b3-2f166f4c07ca] succeeded in 1.363327590002882s: 'green'
[2026-08-03 16:12:35,638: INFO/MainProcess] Task app.tasks.run_snmp_poll_sweep_task[6373be49-7b31-4a6f-9392-b218234366a2] succeeded in 4.225802934000967s: 3
[2026-08-03 16:13:31,412: INFO/MainProcess] Scheduler: Sending due task snmp-poll-sweep (app.tasks.run_snmp_poll_sweep_task)
[2026-08-03 16:13:32,814: INFO/MainProcess] Task app.tasks.snmp_poll_task[3e017a6f-3a83-4dcf-9387-0989b32fd41e] succeeded in 1.3985077420002199s: 'green'
[2026-08-03 16:13:34,208: INFO/MainProcess] Task app.tasks.snmp_poll_task[a27b0158-19fa-4bfa-8e11-7191e4c4c98b] succeeded in 1.3930427910017897s: 'green'
[2026-08-03 16:13:35,644: INFO/MainProcess] Task app.tasks.snmp_poll_task[12933ad1-6f11-4ed8-a1d7-cd7097936a78] succeeded in 1.4356527279996953s: 'green'
[2026-08-03 16:13:35,645: INFO/MainProcess] Task app.tasks.run_snmp_poll_sweep_task[fe3383c4-dec5-42c2-aa04-7d2cbd9def8d] succeeded in 4.232318145001045s: 3
[2026-08-03 16:14:31,412: INFO/MainProcess] Scheduler: Sending due task snmp-poll-sweep (app.tasks.run_snmp_poll_sweep_task)
[2026-08-03 16:14:32,858: INFO/MainProcess] Task app.tasks.snmp_poll_task[f051da94-1672-4353-b4f2-43d174d0b61f] succeeded in 1.441221614000824s: 'green'
[2026-08-03 16:14:34,275: INFO/MainProcess] Task app.tasks.snmp_poll_task[ddc1fb8f-2de1-402a-b950-27536fdfd470] succeeded in 1.4165585350019683s: 'green'
[2026-08-03 16:14:35,726: INFO/MainProcess] Task app.tasks.snmp_poll_task[cdd160a1-fd4d-49e0-a614-a478c84cd10b] succeeded in 1.450050994000776s: 'green'
[2026-08-03 16:14:35,726: INFO/MainProcess] Task app.tasks.run_snmp_poll_sweep_task[890a3419-01c0-4a6d-9f10-19b9bee6f7f5] succeeded in 4.313533535001625s: 3
[2026-08-03 16:15:31,412: INFO/MainProcess] Scheduler: Sending due task snmp-poll-sweep (app.tasks.run_snmp_poll_sweep_task)
[2026-08-03 16:15:32,800: INFO/MainProcess] Task app.tasks.snmp_poll_task[b5cf17be-0768-4ce1-8948-6addbd283fa3] succeeded in 1.3833558249971247s: 'green'
[2026-08-03 16:15:34,125: INFO/MainProcess] Task app.tasks.snmp_poll_task[2b38328f-02e1-4d70-8151-e8ff2d2873ab] succeeded in 1.3247372600017115s: 'green'
[2026-08-03 16:15:35,481: INFO/MainProcess] Task app.tasks.snmp_poll_task[eff79734-2e6f-407c-bc70-bce4b9e1dddc] succeeded in 1.3556514219999372s: 'green'
[2026-08-03 16:15:35,482: INFO/MainProcess] Task app.tasks.run_snmp_poll_sweep_task[cc4596d8-0e98-4c8b-8a9d-209e6c746f9d] succeeded in 4.069041790000483s: 3
[2026-08-03 16:16:31,412: INFO/MainProcess] Scheduler: Sending due task snmp-poll-sweep (app.tasks.run_snmp_poll_sweep_task)
[2026-08-03 16:16:32,880: INFO/MainProcess] Task app.tasks.snmp_poll_task[8a2b37a8-8d85-419d-8f94-c87f2d2c3876] succeeded in 1.4627641730003234s: 'green'
[2026-08-03 16:16:34,254: INFO/MainProcess] Task app.tasks.snmp_poll_task[bc52605e-4f9c-469e-9823-17925e230a97] succeeded in 1.3738391400002001s: 'green'
[2026-08-03 16:16:35,687: INFO/MainProcess] Task app.tasks.snmp_poll_task[a901bd20-e972-4d83-a4c7-4e99c10a56d8] succeeded in 1.4324463119992288s: 'green'
[2026-08-03 16:16:35,688: INFO/MainProcess] Task app.tasks.run_snmp_poll_sweep_task[9d0569e5-5627-4bce-8207-ba2be7c370ff] succeeded in 4.275094820000959s: 3
[2026-08-03 16:17:31,412: INFO/MainProcess] Scheduler: Sending due task snmp-poll-sweep (app.tasks.run_snmp_poll_sweep_task)
[2026-08-03 16:17:33,145: INFO/MainProcess] Task app.tasks.snmp_poll_task[236f46db-9342-4dd6-b72a-01d2fd27fbf5] succeeded in 1.7285284110002976s: 'green'
[2026-08-03 16:17:34,671: INFO/MainProcess] Task app.tasks.snmp_poll_task[bf4c97f0-eaec-4c8f-9606-699545996e4f] succeeded in 1.5248490779995336s: 'green'
[2026-08-03 16:17:36,140: INFO/MainProcess] Task app.tasks.snmp_poll_task[6be79984-0f5a-408b-bf32-8c88c6af3edb] succeeded in 1.4689771129997098s: 'green'
[2026-08-03 16:17:36,141: INFO/MainProcess] Task app.tasks.run_snmp_poll_sweep_task[b3a104c8-851c-414d-b7b7-54d8ae197d6c] succeeded in 4.728051231999416s: 3
[2026-08-03 16:18:31,412: INFO/MainProcess] Scheduler: Sending due task snmp-poll-sweep (app.tasks.run_snmp_poll_sweep_task)
[2026-08-03 16:18:32,813: INFO/MainProcess] Task app.tasks.snmp_poll_task[82d800ae-852a-489c-877d-1ba6a5fc4e74] succeeded in 1.3969913859982626s: 'green'
[2026-08-03 16:18:34,217: INFO/MainProcess] Task app.tasks.snmp_poll_task[9ca395f8-3417-4549-84e9-2f25916a2ad6] succeeded in 1.4033148600028653s: 'green'
[2026-08-03 16:18:35,699: INFO/MainProcess] Task app.tasks.snmp_poll_task[46abbf6f-7d78-493e-9a60-3df11d6aa177] succeeded in 1.4806360869988566s: 'green'
[2026-08-03 16:18:35,699: INFO/MainProcess] Task app.tasks.run_snmp_poll_sweep_task[8f0785e6-fbe3-47f8-bf40-d790dc99c4ec] succeeded in 4.286141717002465s: 3
[2026-08-03 16:19:31,412: INFO/MainProcess] Scheduler: Sending due task snmp-poll-sweep (app.tasks.run_snmp_poll_sweep_task)
[2026-08-03 16:19:32,760: INFO/MainProcess] Task app.tasks.snmp_poll_task[c32e5832-b885-478a-a5de-fc6727c10b2e] succeeded in 1.3433750590011186s: 'green'
[2026-08-03 16:19:34,130: INFO/MainProcess] Task app.tasks.snmp_poll_task[59d3b0da-b469-4393-b480-42e3ef914aee] succeeded in 1.3699368950001372s: 'green'
[2026-08-03 16:19:35,467: INFO/MainProcess] Task app.tasks.snmp_poll_task[2a5626a3-2103-4311-85be-52524ccc8126] succeeded in 1.3361041259995545s: 'green'
[2026-08-03 16:19:35,468: INFO/MainProcess] Task app.tasks.run_snmp_poll_sweep_task[51e52240-86ea-4a5d-9a7c-223facfa0e91] succeeded in 4.054852058998222s: 3
[2026-08-03 16:20:31,412: INFO/MainProcess] Scheduler: Sending due task snmp-poll-sweep (app.tasks.run_snmp_poll_sweep_task)
[2026-08-03 16:20:32,791: INFO/MainProcess] Task app.tasks.snmp_poll_task[a4d61297-7da0-48b5-b318-36fb3087386e] succeeded in 1.3734766339985072s: 'green'
[2026-08-03 16:20:34,160: INFO/MainProcess] Task app.tasks.snmp_poll_task[53811cd1-d89f-4189-ab2b-2e32ff502bd2] succeeded in 1.3690136920013174s: 'green'
[2026-08-03 16:20:35,523: INFO/MainProcess] Task app.tasks.snmp_poll_task[894bed20-7f3a-4434-a4ec-9ce681e3babb] succeeded in 1.3623570679992554s: 'green'
[2026-08-03 16:20:35,523: INFO/MainProcess] Task app.tasks.run_snmp_poll_sweep_task[aedf71e5-bcb4-48e5-b286-15629ea8a9bf] succeeded in 4.110617991998879s: 3
[2026-08-03 16:21:31,412: INFO/MainProcess] Scheduler: Sending due task snmp-poll-sweep (app.tasks.run_snmp_poll_sweep_task)
[2026-08-03 16:21:32,769: INFO/MainProcess] Task app.tasks.snmp_poll_task[8043f851-d204-4f0c-9f43-bc85b9ffe035] succeeded in 1.3520371440026793s: 'green'
[2026-08-03 16:21:34,169: INFO/MainProcess] Task app.tasks.snmp_poll_task[8789b04e-c978-42a7-b6d0-8b933154f182] succeeded in 1.3988616329988872s: 'green'
[2026-08-03 16:21:35,545: INFO/MainProcess] Task app.tasks.snmp_poll_task[5a04ac27-7885-445d-9fb9-37cd48bc1300] succeeded in 1.3760639319989423s: 'green'
[2026-08-03 16:21:35,546: INFO/MainProcess] Task app.tasks.run_snmp_poll_sweep_task[bb71d4b7-dc08-41ec-80b7-4588e8e68250] succeeded in 4.132791015999828s: 3
[2026-08-03 16:22:31,412: INFO/MainProcess] Scheduler: Sending due task snmp-poll-sweep (app.tasks.run_snmp_poll_sweep_task)
[2026-08-03 16:22:32,819: INFO/MainProcess] Task app.tasks.snmp_poll_task[e0761afe-bcfb-4d6c-8faa-894b944be6ad] succeeded in 1.4017385519982781s: 'green'
[2026-08-03 16:22:34,223: INFO/MainProcess] Task app.tasks.snmp_poll_task[d30aca9c-7d3f-4c58-ae0d-2386910b91ed] succeeded in 1.403762521000317s: 'green'
[2026-08-03 16:22:35,445: INFO/MainProcess] Task app.tasks.snmp_poll_task[517dc4be-6fe9-4b5f-ae94-7b70108b1842] succeeded in 1.221450299002754s: 'green'
[2026-08-03 16:22:35,446: INFO/MainProcess] Task app.tasks.run_snmp_poll_sweep_task[edf888a4-b736-444a-a30d-2efba9b0b16b] succeeded in 4.032717189998948s: 3
[2026-08-03 16:23:31,412: INFO/MainProcess] Scheduler: Sending due task snmp-poll-sweep (app.tasks.run_snmp_poll_sweep_task)
[2026-08-03 16:23:32,849: INFO/MainProcess] Task app.tasks.snmp_poll_task[35df3c41-76a0-49ed-9af8-52eee4454883] succeeded in 1.4317057359985483s: 'green'
[2026-08-03 16:23:34,217: INFO/MainProcess] Task app.tasks.snmp_poll_task[d819a474-b82f-449f-8aa1-94f1c96c1933] succeeded in 1.3674692339991452s: 'green'
[2026-08-03 16:23:35,558: INFO/MainProcess] Task app.tasks.snmp_poll_task[e54e4523-d56e-4889-8f8a-c17aa1eabbab] succeeded in 1.3404207909989054s: 'green'
[2026-08-03 16:23:35,558: INFO/MainProcess] Task app.tasks.run_snmp_poll_sweep_task[48e5909f-dd94-4fe9-b13d-808d506261d0] succeeded in 4.145595837002475s: 3
[2026-08-03 16:24:31,412: INFO/MainProcess] Scheduler: Sending due task snmp-poll-sweep (app.tasks.run_snmp_poll_sweep_task)
[2026-08-03 16:24:32,773: INFO/MainProcess] Task app.tasks.snmp_poll_task[134ff83b-c361-4340-ba7a-3237095c2036] succeeded in 1.3572733410001092s: 'green'
[2026-08-03 16:24:34,094: INFO/MainProcess] Task app.tasks.snmp_poll_task[b2e22498-2747-40a8-9f05-38eee969a6f4] succeeded in 1.32082826199985s: 'green'
[2026-08-03 16:24:35,449: INFO/MainProcess] Task app.tasks.snmp_poll_task[c213a918-32ad-4f0d-8f27-ffbf00bd7934] succeeded in 1.3536356500007969s: 'green'
[2026-08-03 16:24:35,449: INFO/MainProcess] Task app.tasks.run_snmp_poll_sweep_task[1d98e1cd-a00c-42e2-8ff7-24dbf86e0739] succeeded in 4.0362922019994585s: 3
[2026-08-03 16:25:31,412: INFO/MainProcess] Scheduler: Sending due task snmp-poll-sweep (app.tasks.run_snmp_poll_sweep_task)
[2026-08-03 16:25:32,779: INFO/MainProcess] Task app.tasks.snmp_poll_task[66119b60-ed56-4d80-9ddf-51ca19bce4dc] succeeded in 1.3621327340006246s: 'green'
[2026-08-03 16:25:34,082: INFO/MainProcess] Task app.tasks.snmp_poll_task[839b8c2c-b323-4dfc-b41f-692881cf2700] succeeded in 1.3028869849986222s: 'green'
[2026-08-03 16:25:35,548: INFO/MainProcess] Task app.tasks.snmp_poll_task[c808be49-8700-4752-90ac-a57640230f68] succeeded in 1.4649518109981727s: 'green'
[2026-08-03 16:25:35,548: INFO/MainProcess] Task app.tasks.run_snmp_poll_sweep_task[273d8a9e-8dd5-4c22-b806-f0a0575c557b] succeeded in 4.135396604000562s: 3
[2026-08-03 16:26:31,412: INFO/MainProcess] Scheduler: Sending due task snmp-poll-sweep (app.tasks.run_snmp_poll_sweep_task)
[2026-08-03 16:26:32,917: INFO/MainProcess] Task app.tasks.snmp_poll_task[702640e2-111a-432b-b163-ebfc73a7e566] succeeded in 1.5006882489979034s: 'green'
[2026-08-03 16:26:34,174: INFO/MainProcess] Task app.tasks.snmp_poll_task[d01d583b-c6e9-4694-a0e2-72c52db0e00f] succeeded in 1.2566338010001346s: 'green'
[2026-08-03 16:26:35,557: INFO/MainProcess] Task app.tasks.snmp_poll_task[74f1e72d-154e-4bf1-b326-edba46e65927] succeeded in 1.382026062001387s: 'green'
[2026-08-03 16:26:35,557: INFO/MainProcess] Task app.tasks.run_snmp_poll_sweep_task[fe50f6b7-2ff7-4c24-9d06-5ec0d262b035] succeeded in 4.144274438996945s: 3
[2026-08-03 16:27:31,412: INFO/MainProcess] Scheduler: Sending due task snmp-poll-sweep (app.tasks.run_snmp_poll_sweep_task)
[2026-08-03 16:27:32,814: INFO/MainProcess] Task app.tasks.snmp_poll_task[117f8c57-0720-4914-946c-158029615cc7] succeeded in 1.3987207790014509s: 'green'
[2026-08-03 16:27:34,140: INFO/MainProcess] Task app.tasks.snmp_poll_task[0f5a593e-592c-4212-a931-e77a1044a835] succeeded in 1.3251178169994091s: 'green'
[2026-08-03 16:27:35,492: INFO/MainProcess] Task app.tasks.snmp_poll_task[800ed906-6669-460f-ac05-fe68d209a45d] succeeded in 1.3511965479992796s: 'green'
[2026-08-03 16:27:35,492: INFO/MainProcess] Task app.tasks.run_snmp_poll_sweep_task[697c3683-4640-4c32-944a-7d4cc2c946c4] succeeded in 4.079458443000476s: 3
[2026-08-03 16:28:31,412: INFO/MainProcess] Scheduler: Sending due task snmp-poll-sweep (app.tasks.run_snmp_poll_sweep_task)
[2026-08-03 16:28:32,794: INFO/MainProcess] Task app.tasks.snmp_poll_task[1dfa5999-2c65-48df-8746-5b5b62ea8cc5] succeeded in 1.3791625489975559s: 'green'
[2026-08-03 16:28:34,156: INFO/MainProcess] Task app.tasks.snmp_poll_task[deb25e5e-b198-4764-a08e-8e571d64fe44] succeeded in 1.360575925999001s: 'green'
[2026-08-03 16:28:35,543: INFO/MainProcess] Task app.tasks.snmp_poll_task[d1e48526-50df-40bd-93ec-e571d7cf9025] succeeded in 1.387035283001751s: 'green'
[2026-08-03 16:28:35,543: INFO/MainProcess] Task app.tasks.run_snmp_poll_sweep_task[5f45a63a-c538-41c4-8284-de20c065f2e6] succeeded in 4.1304891430008865s: 3
[2026-08-03 16:29:31,412: INFO/MainProcess] Scheduler: Sending due task snmp-poll-sweep (app.tasks.run_snmp_poll_sweep_task)
[2026-08-03 16:29:32,876: INFO/MainProcess] Task app.tasks.snmp_poll_task[ee7cb8c9-1b1a-48df-8e42-a2228241b469] succeeded in 1.458261292998941s: 'green'
[2026-08-03 16:29:34,343: INFO/MainProcess] Task app.tasks.snmp_poll_task[7e603b5a-5c1f-45af-96da-0ddefb2cbcc7] succeeded in 1.466761054998642s: 'green'
[2026-08-03 16:29:35,684: INFO/MainProcess] Task app.tasks.snmp_poll_task[e1e09a7b-6c97-4db1-b8c9-8143bc88b20c] succeeded in 1.3408364909992088s: 'green'
[2026-08-03 16:29:35,685: INFO/MainProcess] Task app.tasks.run_snmp_poll_sweep_task[7485a080-4f1b-487c-aabc-5bea322f2407] succeeded in 4.2715555139984644s: 3
[2026-08-03 16:30:31,413: INFO/MainProcess] Scheduler: Sending due task snmp-poll-sweep (app.tasks.run_snmp_poll_sweep_task)
[2026-08-03 16:30:32,637: INFO/MainProcess] Task app.tasks.snmp_poll_task[d2c932ae-412c-4aef-864a-bc821f32067e] succeeded in 1.2211184549996688s: 'green'
[2026-08-03 16:30:33,981: INFO/MainProcess] Task app.tasks.snmp_poll_task[009fd151-e6c3-4358-8702-c16d386272a8] succeeded in 1.342731927998102s: 'green'
[2026-08-03 16:30:35,314: INFO/MainProcess] Task app.tasks.snmp_poll_task[21f9da3a-2c10-43a0-be31-4dd488036802] succeeded in 1.3330697149976913s: 'green'
[2026-08-03 16:30:35,314: INFO/MainProcess] Task app.tasks.run_snmp_poll_sweep_task[98af3ff8-30ae-4f0e-87a3-0098f7fa2aa6] succeeded in 3.901352885997767s: 3
[2026-08-03 16:31:31,413: INFO/MainProcess] Scheduler: Sending due task snmp-poll-sweep (app.tasks.run_snmp_poll_sweep_task)
[2026-08-03 16:31:32,866: INFO/MainProcess] Task app.tasks.snmp_poll_task[af980ac4-04fc-495c-8b4d-2247b34c20f3] succeeded in 1.448333805998118s: 'green'
[2026-08-03 16:31:34,221: INFO/MainProcess] Task app.tasks.snmp_poll_task[320513f1-6e2a-49d3-a732-6bd238045b68] succeeded in 1.3537636820001353s: 'green'
[2026-08-03 16:31:35,582: INFO/MainProcess] Task app.tasks.snmp_poll_task[428b3978-31b0-4436-b430-d7bc59abadb5] succeeded in 1.360797110999556s: 'green'
[2026-08-03 16:31:35,582: INFO/MainProcess] Task app.tasks.run_snmp_poll_sweep_task[67bf3b70-dc0d-4d1f-bd43-3561255872fe] succeeded in 4.168771766999271s: 3
[2026-08-03 16:32:31,413: INFO/MainProcess] Scheduler: Sending due task snmp-poll-sweep (app.tasks.run_snmp_poll_sweep_task)
[2026-08-03 16:32:32,824: INFO/MainProcess] Task app.tasks.snmp_poll_task[d556271f-66ee-48d0-b896-7631532c3c68] succeeded in 1.4076126290019602s: 'green'
[2026-08-03 16:32:34,209: INFO/MainProcess] Task app.tasks.snmp_poll_task[737e316d-6774-4cd6-ab86-d241e09e1bfe] succeeded in 1.38404477199947s: 'green'
[2026-08-03 16:32:35,629: INFO/MainProcess] Task app.tasks.snmp_poll_task[2c99eb5a-3087-4261-81bf-27e2d96f9b22] succeeded in 1.4194486500018684s: 'green'
[2026-08-03 16:32:35,629: INFO/MainProcess] Task app.tasks.run_snmp_poll_sweep_task[e041a279-26e9-431f-a4f0-88c238feef56] succeeded in 4.216179433002253s: 3
[2026-08-03 16:33:31,413: INFO/MainProcess] Scheduler: Sending due task snmp-poll-sweep (app.tasks.run_snmp_poll_sweep_task)
[2026-08-03 16:33:32,809: INFO/MainProcess] Task app.tasks.snmp_poll_task[4345ac29-254c-40b5-ac6a-de9295f434d5] succeeded in 1.3927082150003116s: 'green'
[2026-08-03 16:33:34,215: INFO/MainProcess] Task app.tasks.snmp_poll_task[05b33baa-bec6-4d07-84aa-965944a6e589] succeeded in 1.405662905999634s: 'green'
[2026-08-03 16:33:35,586: INFO/MainProcess] Task app.tasks.snmp_poll_task[d8f236c4-4f84-4e31-a056-a1e913ad4988] succeeded in 1.3704579840014048s: 'green'
[2026-08-03 16:33:35,587: INFO/MainProcess] Task app.tasks.run_snmp_poll_sweep_task[e1f00018-cd83-4b47-8197-4e453c527edf] succeeded in 4.173485954997886s: 3
[2026-08-03 16:34:31,413: INFO/MainProcess] Scheduler: Sending due task snmp-poll-sweep (app.tasks.run_snmp_poll_sweep_task)
[2026-08-03 16:34:32,781: INFO/MainProcess] Task app.tasks.snmp_poll_task[117eeeb9-a102-48df-b0ad-0aa414fe4ba9] succeeded in 1.3647059750001063s: 'green'
[2026-08-03 16:34:34,305: INFO/MainProcess] Task app.tasks.snmp_poll_task[e650dcdb-9ecb-41bc-8b66-08449ae4cff0] succeeded in 1.5230933689999802s: 'green'
[2026-08-03 16:34:35,709: INFO/MainProcess] Task app.tasks.snmp_poll_task[f3963b92-7cac-45cd-944c-9af89292f817] succeeded in 1.4029072240009555s: 'green'
[2026-08-03 16:34:35,709: INFO/MainProcess] Task app.tasks.run_snmp_poll_sweep_task[e7016cc2-1464-453c-bf31-7efc83cb2a0e] succeeded in 4.295873637998739s: 3
[2026-08-03 16:35:31,413: INFO/MainProcess] Scheduler: Sending due task snmp-poll-sweep (app.tasks.run_snmp_poll_sweep_task)
[2026-08-03 16:35:32,823: INFO/MainProcess] Task app.tasks.snmp_poll_task[4a08f9b9-1b94-4aec-bd58-9edb66834c2f] succeeded in 1.4053265000002284s: 'green'
[2026-08-03 16:35:34,165: INFO/MainProcess] Task app.tasks.snmp_poll_task[b12d56f9-7c7a-4612-b80e-d40f0aa4859a] succeeded in 1.3407166879987926s: 'green'
[2026-08-03 16:35:35,577: INFO/MainProcess] Task app.tasks.snmp_poll_task[9c287b82-46e1-41cf-96e7-cb5567bb15d0] succeeded in 1.4122912189995986s: 'green'
[2026-08-03 16:35:35,578: INFO/MainProcess] Task app.tasks.run_snmp_poll_sweep_task[dfc96dc0-8e9a-40df-bc3c-b400099c45d3] succeeded in 4.163849673001096s: 3
[2026-08-03 16:36:31,413: INFO/MainProcess] Scheduler: Sending due task snmp-poll-sweep (app.tasks.run_snmp_poll_sweep_task)
[2026-08-03 16:36:32,906: INFO/MainProcess] Task app.tasks.snmp_poll_task[bf6a6476-2fcd-4e4a-bbb6-16b40ff90ad3] succeeded in 1.4890130769999814s: 'green'
[2026-08-03 16:36:34,268: INFO/MainProcess] Task app.tasks.snmp_poll_task[f5aed384-da3d-43c4-b261-49d3d5635846] succeeded in 1.3607585889985785s: 'green'
[2026-08-03 16:36:35,769: INFO/MainProcess] Task app.tasks.snmp_poll_task[5ff623cb-7567-40bf-8312-4130a158170c] succeeded in 1.5000493959996675s: 'green'
[2026-08-03 16:36:35,769: INFO/MainProcess] Task app.tasks.run_snmp_poll_sweep_task[cd7a8fb3-f376-468f-bac2-079c5044392c] succeeded in 4.355464782001945s: 3
[2026-08-03 16:37:31,413: INFO/MainProcess] Scheduler: Sending due task snmp-poll-sweep (app.tasks.run_snmp_poll_sweep_task)
[2026-08-03 16:37:32,845: INFO/MainProcess] Task app.tasks.snmp_poll_task[ee21c823-d179-4402-b2b6-6810e48c5bbe] succeeded in 1.4269176879970473s: 'green'
[2026-08-03 16:37:34,189: INFO/MainProcess] Task app.tasks.snmp_poll_task[bd581532-ef5c-4658-b9a6-f73433f8e4b6] succeeded in 1.3436361369967926s: 'green'
[2026-08-03 16:37:35,640: INFO/MainProcess] Task app.tasks.snmp_poll_task[bdd93b24-7dbf-4611-9fad-8fcb62a6fd58] succeeded in 1.4503923200027202s: 'green'
[2026-08-03 16:37:35,640: INFO/MainProcess] Task app.tasks.run_snmp_poll_sweep_task[77334c1d-8b42-4a32-ae56-fd4cd374674d] succeeded in 4.226946335998946s: 3
[2026-08-03 16:38:31,413: INFO/MainProcess] Scheduler: Sending due task snmp-poll-sweep (app.tasks.run_snmp_poll_sweep_task)
[2026-08-03 16:38:32,851: INFO/MainProcess] Task app.tasks.snmp_poll_task[f7d4c921-977a-4e00-9c2a-252b1504899c] succeeded in 1.4341792999985046s: 'green'
[2026-08-03 16:38:34,183: INFO/MainProcess] Task app.tasks.snmp_poll_task[61230d44-3b1f-41db-96d9-122be859b9f0] succeeded in 1.330941520001943s: 'green'
[2026-08-03 16:38:35,531: INFO/MainProcess] Task app.tasks.snmp_poll_task[b3bc753c-69bb-496a-a82b-668df70c47c6] succeeded in 1.3475150190024578s: 'green'
[2026-08-03 16:38:35,531: INFO/MainProcess] Task app.tasks.run_snmp_poll_sweep_task[d7914f43-2921-4edc-adce-c8e4c843d20b] succeeded in 4.11770111900114s: 3
[2026-08-03 16:39:31,413: INFO/MainProcess] Scheduler: Sending due task snmp-poll-sweep (app.tasks.run_snmp_poll_sweep_task)
[2026-08-03 16:39:32,196: INFO/MainProcess] Task app.tasks.snmp_poll_task[4f00efb7-2687-495c-9081-27885614811c] succeeded in 0.7817029580000963s: 'green'
[2026-08-03 16:39:32,977: INFO/MainProcess] Task app.tasks.snmp_poll_task[2ead6028-ef71-439f-b323-5b7f38218be7] succeeded in 0.7803049039976031s: 'green'
[2026-08-03 16:39:33,764: INFO/MainProcess] Task app.tasks.snmp_poll_task[3ca3533e-7063-4d9a-b2b0-9c4f49a96ab8] succeeded in 0.7864126069980557s: 'green'
[2026-08-03 16:39:33,764: INFO/MainProcess] Task app.tasks.run_snmp_poll_sweep_task[2a06438f-b5cd-4c6e-acd8-f55fb9425b2c] succeeded in 2.350534240002162s: 3
[2026-08-03 16:40:31,413: INFO/MainProcess] Scheduler: Sending due task snmp-poll-sweep (app.tasks.run_snmp_poll_sweep_task)
[2026-08-03 16:40:32,242: INFO/MainProcess] Task app.tasks.snmp_poll_task[0d83ab99-5c68-4a51-a80f-c8132055930f] succeeded in 0.8266548719984712s: 'green'
[2026-08-03 16:40:33,088: INFO/MainProcess] Task app.tasks.snmp_poll_task[b18c90c5-14cd-423b-b828-8d0021ba079f] succeeded in 0.8458460860019841s: 'green'
[2026-08-03 16:40:34,001: INFO/MainProcess] Task app.tasks.snmp_poll_task[de116b46-a780-4676-b895-a0c741e4a7bb] succeeded in 0.9126556529990921s: 'green'
[2026-08-03 16:40:34,001: INFO/MainProcess] Task app.tasks.run_snmp_poll_sweep_task[7e2cb8aa-19d4-49a9-8de8-a50c90db4705] succeeded in 2.5872351380021428s: 3
[2026-08-03 16:41:31,413: INFO/MainProcess] Scheduler: Sending due task snmp-poll-sweep (app.tasks.run_snmp_poll_sweep_task)
[2026-08-03 16:41:32,169: INFO/MainProcess] Task app.tasks.snmp_poll_task[7383f27e-dfc1-4221-be4c-b6c1c9d3be49] succeeded in 0.7540551909987698s: 'green'
[2026-08-03 16:41:32,982: INFO/MainProcess] Task app.tasks.snmp_poll_task[f18864e6-bfd6-415a-b83b-ab0e48834f12] succeeded in 0.8122053890001553s: 'green'
[2026-08-03 16:41:33,806: INFO/MainProcess] Task app.tasks.snmp_poll_task[12be793a-6e0b-417c-907d-8efa54db4dd0] succeeded in 0.8238259789977747s: 'green'
[2026-08-03 16:41:33,806: INFO/MainProcess] Task app.tasks.run_snmp_poll_sweep_task[83d1bf77-530d-4f10-b443-3daa30e997cb] succeeded in 2.392584003999218s: 3
[2026-08-03 16:42:31,413: INFO/MainProcess] Scheduler: Sending due task snmp-poll-sweep (app.tasks.run_snmp_poll_sweep_task)
[2026-08-03 16:42:32,243: INFO/MainProcess] Task app.tasks.snmp_poll_task[c1740578-21cf-47f5-90d6-f1523c5a8023] succeeded in 0.8277245139979641s: 'green'
[2026-08-03 16:42:33,081: INFO/MainProcess] Task app.tasks.snmp_poll_task[9836b957-f3f4-4cd5-a40f-054b1db9bf9b] succeeded in 0.8373905859989463s: 'green'
[2026-08-03 16:42:33,986: INFO/MainProcess] Task app.tasks.snmp_poll_task[7edec6e6-afd1-4e3c-b25b-0da6f664e177] succeeded in 0.904701756000577s: 'green'
[2026-08-03 16:42:33,986: INFO/MainProcess] Task app.tasks.run_snmp_poll_sweep_task[ff2963f2-74c4-4392-aa7c-1d131a291e3f] succeeded in 2.5723791780001193s: 3
[2026-08-03 16:43:31,413: INFO/MainProcess] Scheduler: Sending due task snmp-poll-sweep (app.tasks.run_snmp_poll_sweep_task)
[2026-08-03 16:43:32,184: INFO/MainProcess] Task app.tasks.snmp_poll_task[16ca2372-e9d3-4b38-9ae5-fc3ceda5694c] succeeded in 0.7692574800021248s: 'green'
[2026-08-03 16:43:32,983: INFO/MainProcess] Task app.tasks.snmp_poll_task[76c484c6-7608-4262-93dd-9fc369bf1cc3] succeeded in 0.798796956998558s: 'green'
[2026-08-03 16:43:33,763: INFO/MainProcess] Task app.tasks.snmp_poll_task[984e37df-8b08-4b3b-9603-9402b0ffdbfe] succeeded in 0.7796361729997443s: 'green'
[2026-08-03 16:43:33,763: INFO/MainProcess] Task app.tasks.run_snmp_poll_sweep_task[3ae04bff-5aed-4f78-9f94-b4a394a01611] succeeded in 2.3497693019999133s: 3
[2026-08-03 16:44:31,413: INFO/MainProcess] Scheduler: Sending due task snmp-poll-sweep (app.tasks.run_snmp_poll_sweep_task)
[2026-08-03 16:44:32,297: INFO/MainProcess] Task app.tasks.snmp_poll_task[bb84e78e-306a-41d9-ae83-555e27c311dd] succeeded in 0.881042390003131s: 'green'
[2026-08-03 16:44:33,148: INFO/MainProcess] Task app.tasks.snmp_poll_task[f786edd4-cf02-4711-b949-049196e02bbb] succeeded in 0.8513162329982151s: 'green'
[2026-08-03 16:44:33,885: INFO/MainProcess] Task app.tasks.snmp_poll_task[bbd9086a-2700-4304-be73-58db205a218a] succeeded in 0.736625143999845s: 'green'
[2026-08-03 16:44:33,885: INFO/MainProcess] Task app.tasks.run_snmp_poll_sweep_task[d3320220-34fc-450f-88da-786e166bbc3d] succeeded in 2.471766853999725s: 3
[2026-08-03 16:45:31,413: INFO/MainProcess] Scheduler: Sending due task snmp-poll-sweep (app.tasks.run_snmp_poll_sweep_task)
[2026-08-03 16:45:32,240: INFO/MainProcess] Task app.tasks.snmp_poll_task[bd3f21c4-7ee7-437e-9a8d-5d2db42f8431] succeeded in 0.8239043149987992s: 'green'
[2026-08-03 16:45:33,024: INFO/MainProcess] Task app.tasks.snmp_poll_task[b4a10913-ed37-44b3-951d-a22c1fd8480f] succeeded in 0.7838786780012015s: 'green'
[2026-08-03 16:45:34,001: INFO/MainProcess] Task app.tasks.snmp_poll_task[39a9b1e9-6730-4cdb-8121-e13e28b7a62e] succeeded in 0.9767086989995732s: 'green'
[2026-08-03 16:45:34,001: INFO/MainProcess] Task app.tasks.run_snmp_poll_sweep_task[78fc03db-0069-4e52-b48d-1a85af1cfcd4] succeeded in 2.587121444001241s: 3
[2026-08-03 16:46:31,413: INFO/MainProcess] Scheduler: Sending due task snmp-poll-sweep (app.tasks.run_snmp_poll_sweep_task)
[2026-08-03 16:46:32,243: INFO/MainProcess] Task app.tasks.snmp_poll_task[6dca19f8-8a11-4348-a7fe-9e5fac160d27] succeeded in 0.8262684410001384s: 'green'
[2026-08-03 16:46:33,057: INFO/MainProcess] Task app.tasks.snmp_poll_task[68eaba0a-d651-4e5d-aae9-dbd8eb8c3f29] succeeded in 0.8132927240003482s: 'green'
[2026-08-03 16:46:33,827: INFO/MainProcess] Task app.tasks.snmp_poll_task[25e4ac0c-7c37-4ec7-b7c0-a4182d4a8f8c] succeeded in 0.7700153449986828s: 'green'
[2026-08-03 16:46:33,827: INFO/MainProcess] Task app.tasks.run_snmp_poll_sweep_task[c18d8b90-1e54-46c4-b45f-341497567096] succeeded in 2.411723597000673s: 3
[2026-08-03 16:47:31,413: INFO/MainProcess] Scheduler: Sending due task snmp-poll-sweep (app.tasks.run_snmp_poll_sweep_task)
[2026-08-03 16:47:32,251: INFO/MainProcess] Task app.tasks.snmp_poll_task[1f229ab9-09fb-461a-9e61-0e490c3f027e] succeeded in 0.8349117340003431s: 'green'
[2026-08-03 16:47:33,077: INFO/MainProcess] Task app.tasks.snmp_poll_task[3a385478-c9e4-4ef0-b051-c7ecdc916c78] succeeded in 0.8265233319980325s: 'green'
[2026-08-03 16:47:33,895: INFO/MainProcess] Task app.tasks.snmp_poll_task[832d84f1-a2c3-4f30-aef9-6ea45d9734db] succeeded in 0.8176985559985042s: 'green'
[2026-08-03 16:47:33,896: INFO/MainProcess] Task app.tasks.run_snmp_poll_sweep_task[206d16f6-c6e7-409e-b023-1cc3cefdb862] succeeded in 2.4822634310003195s: 3
[2026-08-03 16:48:31,413: INFO/MainProcess] Scheduler: Sending due task snmp-poll-sweep (app.tasks.run_snmp_poll_sweep_task)
[2026-08-03 16:48:32,237: INFO/MainProcess] Task app.tasks.snmp_poll_task[82250310-1984-48e6-b9b4-20b017fb12ef] succeeded in 0.8212096369970823s: 'green'
[2026-08-03 16:48:32,994: INFO/MainProcess] Task app.tasks.snmp_poll_task[0b94ce50-a30a-4d31-a507-cb3a0e9ace2e] succeeded in 0.7568785319999733s: 'green'
[2026-08-03 16:48:33,816: INFO/MainProcess] Task app.tasks.snmp_poll_task[5a5cd8e2-4746-48d7-9470-e21a1f8c7c08] succeeded in 0.8215164300017932s: 'green'
[2026-08-03 16:48:33,816: INFO/MainProcess] Task app.tasks.run_snmp_poll_sweep_task[06fed5b4-b5ee-48cf-83ed-0c753c9a7e7e] succeeded in 2.4024719359986193s: 3
[2026-08-03 16:49:31,413: INFO/MainProcess] Scheduler: Sending due task snmp-poll-sweep (app.tasks.run_snmp_poll_sweep_task)
[2026-08-03 16:49:32,215: INFO/MainProcess] Task app.tasks.snmp_poll_task[c7a9146c-0c02-4a15-ae0b-89b4e48a4538] succeeded in 0.7995304079995549s: 'green'
[2026-08-03 16:49:33,056: INFO/MainProcess] Task app.tasks.snmp_poll_task[b93ed1b6-ce93-46a2-9c5f-fb38ec284ff8] succeeded in 0.8409878830025264s: 'green'
[2026-08-03 16:49:33,892: INFO/MainProcess] Task app.tasks.snmp_poll_task[f52140a9-3933-4c1a-8909-e49a7b7b8743] succeeded in 0.8354328690002149s: 'green'
[2026-08-03 16:49:33,892: INFO/MainProcess] Task app.tasks.run_snmp_poll_sweep_task[23171bf5-057a-4e18-b779-2cd5452b052b] succeeded in 2.479038984998624s: 3
[2026-08-03 16:50:31,413: INFO/MainProcess] Scheduler: Sending due task snmp-poll-sweep (app.tasks.run_snmp_poll_sweep_task)
[2026-08-03 16:50:32,290: INFO/MainProcess] Task app.tasks.snmp_poll_task[a3a383ac-6a0b-4f64-9be0-3fd18b5a277a] succeeded in 0.8688981779996539s: 'green'
[2026-08-03 16:50:33,103: INFO/MainProcess] Task app.tasks.snmp_poll_task[e0802c14-4772-41e0-a0a7-c67b9111f7d6] succeeded in 0.8127765770004771s: 'green'
[2026-08-03 16:50:33,921: INFO/MainProcess] Task app.tasks.snmp_poll_task[ff3ee509-10c1-4cfc-ba5f-0af771954231] succeeded in 0.817304874999536s: 'green'
[2026-08-03 16:50:33,921: INFO/MainProcess] Task app.tasks.run_snmp_poll_sweep_task[835a513d-c0e7-4d70-b70c-ac6230d073d8] succeeded in 2.505005438997614s: 3
[2026-08-03 16:51:31,413: INFO/MainProcess] Scheduler: Sending due task snmp-poll-sweep (app.tasks.run_snmp_poll_sweep_task)
[2026-08-03 16:51:32,297: INFO/MainProcess] Task app.tasks.snmp_poll_task[a24755f3-5ff0-4a1f-b762-c22ab751acf0] succeeded in 0.8810001169986208s: 'green'
[2026-08-03 16:51:33,147: INFO/MainProcess] Task app.tasks.snmp_poll_task[8a0d7ee8-2a93-42b1-b8e5-35451cb52671] succeeded in 0.8497222250007326s: 'green'
[2026-08-03 16:51:33,984: INFO/MainProcess] Task app.tasks.snmp_poll_task[7e93e589-76be-48f4-a1a2-f951657f2b44] succeeded in 0.8359984269991401s: 'green'
[2026-08-03 16:51:33,984: INFO/MainProcess] Task app.tasks.run_snmp_poll_sweep_task[8962842c-fca4-403f-823e-e3e58d115f03] succeeded in 2.5700826659995073s: 3
[2026-08-03 16:52:31,413: INFO/MainProcess] Scheduler: Sending due task snmp-poll-sweep (app.tasks.run_snmp_poll_sweep_task)
[2026-08-03 16:52:32,199: INFO/MainProcess] Task app.tasks.snmp_poll_task[435d600a-38a1-4064-b651-8b0fb8e3e09c] succeeded in 0.7835792740006582s: 'green'
[2026-08-03 16:52:33,022: INFO/MainProcess] Task app.tasks.snmp_poll_task[5f115457-aaf8-485e-a021-0a5d908adb9c] succeeded in 0.8219347779995587s: 'green'
[2026-08-03 16:52:33,856: INFO/MainProcess] Task app.tasks.snmp_poll_task[d8d243c7-3493-4f34-aed3-d966577e990d] succeeded in 0.8342247949985904s: 'green'
[2026-08-03 16:52:33,856: INFO/MainProcess] Task app.tasks.run_snmp_poll_sweep_task[722e8ad6-38eb-4fb7-9f2e-e7f5158e77a1] succeeded in 2.4429703429996152s: 3
[2026-08-03 16:53:31,413: INFO/MainProcess] Scheduler: Sending due task snmp-poll-sweep (app.tasks.run_snmp_poll_sweep_task)
[2026-08-03 16:53:32,232: INFO/MainProcess] Task app.tasks.snmp_poll_task[457e8e67-8d85-46d4-9461-a34b751c62e2] succeeded in 0.8166405219999433s: 'green'
[2026-08-03 16:53:33,080: INFO/MainProcess] Task app.tasks.snmp_poll_task[73f56d66-a264-44e1-8731-ff2183002b60] succeeded in 0.8475023310020333s: 'green'
[2026-08-03 16:53:33,912: INFO/MainProcess] Task app.tasks.snmp_poll_task[9efddc25-ced6-4ac4-9f5f-bb68f9373889] succeeded in 0.8311642120024771s: 'green'
[2026-08-03 16:53:33,912: INFO/MainProcess] Task app.tasks.run_snmp_poll_sweep_task[b8de6eb7-f546-44bd-b920-be442958f82f] succeeded in 2.4986078110014205s: 3
[2026-08-03 16:54:31,413: INFO/MainProcess] Scheduler: Sending due task snmp-poll-sweep (app.tasks.run_snmp_poll_sweep_task)
[2026-08-03 16:54:32,253: INFO/MainProcess] Task app.tasks.snmp_poll_task[4fbe8d2c-f88b-42cb-a23f-39dce7196929] succeeded in 0.8364510790015629s: 'green'
[2026-08-03 16:54:33,077: INFO/MainProcess] Task app.tasks.snmp_poll_task[2ff2e2fc-ab16-4266-8408-5e82ff84e603] succeeded in 0.8236733739977353s: 'green'
[2026-08-03 16:54:33,884: INFO/MainProcess] Task app.tasks.snmp_poll_task[2d43337a-414a-49a4-96dd-64fe083d278f] succeeded in 0.8064437579996593s: 'green'
[2026-08-03 16:54:33,884: INFO/MainProcess] Task app.tasks.run_snmp_poll_sweep_task[0c7547a9-b98f-44f2-b5c3-cf57925dfc1f] succeeded in 2.4700222390019917s: 3
[2026-08-03 16:55:31,413: INFO/MainProcess] Scheduler: Sending due task snmp-poll-sweep (app.tasks.run_snmp_poll_sweep_task)
[2026-08-03 16:55:32,259: INFO/MainProcess] Task app.tasks.snmp_poll_task[be3567ba-b35a-4da2-9952-3a4ff0a8992a] succeeded in 0.8444192759998259s: 'green'
[2026-08-03 16:55:33,090: INFO/MainProcess] Task app.tasks.snmp_poll_task[56015612-2a10-4920-811f-dbc517089ba8] succeeded in 0.8305419080024876s: 'green'
[2026-08-03 16:55:33,852: INFO/MainProcess] Task app.tasks.snmp_poll_task[9f3ba5eb-9071-4fdc-b965-9876eb05a153] succeeded in 0.760925225000392s: 'green'
[2026-08-03 16:55:33,852: INFO/MainProcess] Task app.tasks.run_snmp_poll_sweep_task[45570e0f-1e8a-46a6-8bb2-da4cab7962d7] succeeded in 2.4382484609996027s: 3
